

================================================================
== Synthesis Summary Report of 'fft_shift'
================================================================
+ General Information: 
    * Date:           Thu Jun  2 15:54:17 2022
    * Version:        2020.2 (Build 3064766 on Wed Nov 18 09:12:47 MST 2020)
    * Project:        hls
    * Solution:       solution1 (Vivado IP Flow Target)
    * Product family: zynquplus
    * Target device:  xczu28dr-ffvg1517-2-e
    

+ Performance & Resource Estimates: 
    
    PS: '+' for module; 'o' for loop; '*' for dataflow
    +---------------------------+------+--------+---------+-----------+----------+---------+------+----------+---------+----+-----------+-----------+-----+
    |          Modules          | Issue|        | Latency |  Latency  | Iteration|         | Trip |          |         |    |           |           |     |
    |          & Loops          | Type |  Slack | (cycles)|    (ns)   |  Latency | Interval| Count| Pipelined|  BRAM   | DSP|     FF    |    LUT    | URAM|
    +---------------------------+------+--------+---------+-----------+----------+---------+------+----------+---------+----+-----------+-----------+-----+
    |+ fft_shift                |     -|   -9.21|      395|  6.320e+03|         -|      396|     -|        no|  4 (~0%)|   -|  103 (~0%)|  575 (~0%)|    -|
    | + grp_copy_output_fu_246  |     -|  -10.44|      131|  2.096e+03|         -|      131|     -|        no|        -|   -|   15 (~0%)|  192 (~0%)|    -|
    |  o VITIS_LOOP_39_1        |     -|  -11.68|      127|  2.032e+03|         2|        1|   127|       yes|        -|   -|          -|          -|    -|
    | o VITIS_LOOP_7_1          |     -|  -11.68|      128|  2.048e+03|         1|        1|   128|       yes|        -|   -|          -|          -|    -|
    | o VITIS_LOOP_16_1         |     -|  -11.68|       64|  1.024e+03|         2|        1|    64|       yes|        -|   -|          -|          -|    -|
    | o VITIS_LOOP_22_2         |     -|  -11.68|       64|  1.024e+03|         2|        1|    64|       yes|        -|   -|          -|          -|    -|
    +---------------------------+------+--------+---------+-----------+----------+---------+------+----------+---------+----+-----------+-----------+-----+

