

================================================================
== Synthesis Summary Report of 'sss_corr'
================================================================
+ General Information: 
    * Date:           Thu Jun  2 15:34:42 2022
    * Version:        2020.2 (Build 3064766 on Wed Nov 18 09:12:47 MST 2020)
    * Project:        hls
    * Solution:       solution1 (Vivado IP Flow Target)
    * Product family: zynquplus
    * Target device:  xczu28dr-ffvg1517-2-e
    

+ Performance & Resource Estimates: 
    
    PS: '+' for module; 'o' for loop; '*' for dataflow
    +--------------------------+--------+--------+---------+-----------+----------+---------+------+----------+-----------+---------+------------+-----------+-----+
    |          Modules         |  Issue |        | Latency |  Latency  | Iteration|         | Trip |          |           |         |            |           |     |
    |          & Loops         |  Type  |  Slack | (cycles)|    (ns)   |  Latency | Interval| Count| Pipelined|   BRAM    |   DSP   |     FF     |    LUT    | URAM|
    +--------------------------+--------+--------+---------+-----------+----------+---------+------+----------+-----------+---------+------------+-----------+-----+
    |+ sss_corr                |  Timing|    9.41|    91869|  1.937e+06|         -|    91870|     -|        no|  246 (11%)|  8 (~0%)|  4030 (~0%)|  8618 (2%)|    -|
    | + grp_get_sss_id_fu_298  |  Timing|    9.41|    91394|  1.927e+06|         -|    91394|     -|        no|  240 (11%)|  8 (~0%)|  2608 (~0%)|  7157 (1%)|    -|
    |  o VITIS_LOOP_49_1       |       -|  -11.68|    45696|  9.636e+05|       272|        -|   168|        no|          -|        -|           -|          -|    -|
    |   o VITIS_LOOP_51_2      |      II|  -11.68|      259|  5.462e+03|         6|        2|   128|       yes|          -|        -|           -|          -|    -|
    |  o VITIS_LOOP_65_1       |       -|  -11.68|    45696|  9.636e+05|       272|        -|   168|        no|          -|        -|           -|          -|    -|
    |   o VITIS_LOOP_67_2      |      II|  -11.68|      259|  5.462e+03|         6|        2|   128|       yes|          -|        -|           -|          -|    -|
    |  o VITIS_LOOP_81_1       |       -|  -11.68|    45696|  9.636e+05|       272|        -|   168|        no|          -|        -|           -|          -|    -|
    |   o VITIS_LOOP_83_2      |      II|  -11.68|      259|  5.462e+03|         6|        2|   128|       yes|          -|        -|           -|          -|    -|
    |  o VITIS_LOOP_97_1       |       -|  -11.68|    45696|  9.636e+05|       272|        -|   168|        no|          -|        -|           -|          -|    -|
    |   o VITIS_LOOP_99_2      |      II|  -11.68|      259|  5.462e+03|         6|        2|   128|       yes|          -|        -|           -|          -|    -|
    |  o VITIS_LOOP_113_1      |       -|  -11.68|    45696|  9.636e+05|       272|        -|   168|        no|          -|        -|           -|          -|    -|
    |   o VITIS_LOOP_115_2     |      II|  -11.68|      259|  5.462e+03|         6|        2|   128|       yes|          -|        -|           -|          -|    -|
    |  o VITIS_LOOP_129_1      |       -|  -11.68|    45696|  9.636e+05|       272|        -|   168|        no|          -|        -|           -|          -|    -|
    |   o VITIS_LOOP_131_2     |      II|  -11.68|      259|  5.462e+03|         6|        2|   128|       yes|          -|        -|           -|          -|    -|
    | o VITIS_LOOP_13_1        |       -|  -11.68|      128|  2.699e+03|         1|        1|   128|       yes|          -|        -|           -|          -|    -|
    | o VITIS_LOOP_164_1       |      II|  -11.68|      342|  7.212e+03|         9|        2|   168|       yes|          -|        -|           -|          -|    -|
    +--------------------------+--------+--------+---------+-----------+----------+---------+------+----------+-----------+---------+------------+-----------+-----+

