

================================================================
== Synthesis Summary Report of 'lteCellSearch'
================================================================
+ General Information: 
    * Date:           Thu Jun  2 15:26:38 2022
    * Version:        2020.2 (Build 3064766 on Wed Nov 18 09:12:47 MST 2020)
    * Project:        hls
    * Solution:       solution1 (Vivado IP Flow Target)
    * Product family: zynquplus
    * Target device:  xczu28dr-ffvg1517-2-e
    

+ Performance & Resource Estimates: 
    
    PS: '+' for module; 'o' for loop; '*' for dataflow
    +---------------------------------------------------------------+------+--------+----------+-----------+----------+----------+--------+----------+-----------+----------+------------+------------+-----+
    |                            Modules                            | Issue|        | Latency  |  Latency  | Iteration|          |  Trip  |          |           |          |            |            |     |
    |                            & Loops                            | Type |  Slack | (cycles) |    (ns)   |  Latency | Interval |  Count | Pipelined|   BRAM    |    DSP   |     FF     |     LUT    | URAM|
    +---------------------------------------------------------------+------+--------+----------+-----------+----------+----------+--------+----------+-----------+----------+------------+------------+-----+
    |+ lteCellSearch                                                |     -|    0.00|         -|          -|         -|         -|       -|        no|  461 (21%)|  25 (~0%)|  4981 (~0%)|  28079 (6%)|    -|
    | + grp_dataflow_parent_loop_proc_fu_337                        |     -|    0.00|  38208004|  6.228e+08|         -|  38208004|       -|        no|   16 (~0%)|  25 (~0%)|  3972 (~0%)|  23013 (5%)|    -|
    |  + grp_dataflow_in_loop_lteCellSearch_fu_74*                  |     -|    0.00|       400|  6.520e+03|         -|       398|       -|  dataflow|   16 (~0%)|  25 (~0%)|  3698 (~0%)|  22938 (5%)|    -|
    |   + grp_compute_pss_fu_100                                    |     -|    0.00|       397|  6.471e+03|         -|       397|       -|        no|   12 (~0%)|  14 (~0%)|  2672 (~0%)|  21295 (5%)|    -|
    |    + grp_sqrt_fixed_40_18_s_fu_535                            |    II|   -0.01|         4|     65.200|         -|         1|       -|       yes|          -|         -|   720 (~0%)|   6456 (1%)|    -|
    |    + grp_sqrt_fixed_40_18_s_fu_540                            |    II|   -0.01|         4|     65.200|         -|         1|       -|       yes|          -|         -|   720 (~0%)|   6456 (1%)|    -|
    |    + grp_sqrt_fixed_40_18_s_fu_545                            |    II|   -0.01|         4|     65.200|         -|         1|       -|       yes|          -|         -|   720 (~0%)|   6456 (1%)|    -|
    |    o VITIS_LOOP_89_1                                          |     -|  -11.90|       128|  2.086e+03|         1|         1|     128|       yes|          -|         -|           -|           -|    -|
    |    o VITIS_LOOP_97_2                                          |     -|  -11.90|       127|  2.070e+03|         2|         1|     127|       yes|          -|         -|           -|           -|    -|
    |    o VITIS_LOOP_107_3                                         |     -|  -11.90|       128|  2.086e+03|         2|         1|     128|       yes|          -|         -|           -|           -|    -|
    |   + grp_compute_threshold_fu_129                              |     -|   -5.82|       261|  4.254e+03|         -|       261|       -|        no|    4 (~0%)|   8 (~0%)|   254 (~0%)|   612 (~0%)|    -|
    |    o VITIS_LOOP_41_1                                          |     -|  -11.90|       128|  2.086e+03|         1|         1|     128|       yes|          -|         -|           -|           -|    -|
    |    o VITIS_LOOP_55_2                                          |     -|  -11.90|       127|  2.070e+03|         2|         1|     127|       yes|          -|         -|           -|           -|    -|
    |   + grp_track_pss_peak_fu_145                                 |     -|   -3.51|         1|     16.300|         -|         1|       -|        no|          -|   3 (~0%)|    71 (~0%)|   447 (~0%)|    -|
    |   + call_ln259_dataflow_in_loop_lteCellSearch_entry25_fu_162  |     -|  -10.06|         0|      0.000|         -|         0|       -|        no|          -|         -|     2 (~0%)|    29 (~0%)|    -|
    |  o lteCellSearch                                              |     -|  -11.90|  38208003|  6.228e+08|       402|         -|   96000|        no|          -|         -|           -|           -|    -|
    | + grp_write_buffer_fft_fu_374                                 |     -|   -2.43|         -|          -|         -|         -|       -|        no|          -|         -|   106 (~0%)|  3674 (~0%)|    -|
    |  o VITIS_LOOP_216_1                                           |     -|  -11.90|         -|          -|         2|         1|       -|       yes|          -|         -|           -|           -|    -|
    | o Loop 1                                                      |     -|  -11.90|    288000|  4.694e+06|         1|         1|  288000|       yes|          -|         -|           -|           -|    -|
    | o copy_input                                                  |     -|  -11.90|     96000|  1.565e+06|         1|         1|   96000|       yes|          -|         -|           -|           -|    -|
    | o copy_output                                                 |     -|  -11.90|     96001|  1.565e+06|         3|         1|   96000|       yes|          -|         -|           -|           -|    -|
    +---------------------------------------------------------------+------+--------+----------+-----------+----------+----------+--------+----------+-----------+----------+------------+------------+-----+

