

================================================================
== Vitis HLS Report for 'lteCellSearch'
================================================================
* Date:           Thu Jun  2 15:26:31 2022

* Version:        2020.2 (Build 3064766 on Wed Nov 18 09:12:47 MST 2020)
* Project:        hls
* Solution:       solution1 (Vivado IP Flow Target)
* Product family: zynquplus
* Target device:  xczu28dr-ffvg1517-2-e


================================================================
== Performance Estimates
================================================================
+ Timing: 
    * Summary: 
    +--------+----------+-----------+------------+
    |  Clock |  Target  | Estimated | Uncertainty|
    +--------+----------+-----------+------------+
    |ap_clk  |  16.30 ns|  11.899 ns|     4.40 ns|
    +--------+----------+-----------+------------+

+ Latency: 
    * Summary: 
    +---------+---------+----------+----------+-----+-----+---------+
    |  Latency (cycles) |  Latency (absolute) |  Interval | Pipeline|
    |   min   |   max   |    min   |    max   | min | max |   Type  |
    +---------+---------+----------+----------+-----+-----+---------+
    |        ?|        ?|         ?|         ?|    ?|    ?|     none|
    +---------+---------+----------+----------+-----+-----+---------+

    + Detail: 
        * Instance: 
        +--------------------------------------+---------------------------+----------+----------+-----------+-----------+----------+----------+---------+
        |                                      |                           |   Latency (cycles)  |   Latency (absolute)  |       Interval      | Pipeline|
        |               Instance               |           Module          |    min   |    max   |    min    |    max    |    min   |    max   |   Type  |
        +--------------------------------------+---------------------------+----------+----------+-----------+-----------+----------+----------+---------+
        |grp_dataflow_parent_loop_proc_fu_337  |dataflow_parent_loop_proc  |  25824004|  38208004|  0.421 sec|  0.623 sec|  25824004|  38208004|     none|
        |grp_write_buffer_fft_fu_374           |write_buffer_fft           |         ?|         ?|          ?|          ?|         ?|         ?|     none|
        +--------------------------------------+---------------------------+----------+----------+-----------+-----------+----------+----------+---------+

        * Loop: 
        +---------------+---------+---------+----------+-----------+-----------+--------+----------+
        |               |  Latency (cycles) | Iteration|  Initiation Interval  |  Trip  |          |
        |   Loop Name   |   min   |   max   |  Latency |  achieved |   target  |  Count | Pipelined|
        +---------------+---------+---------+----------+-----------+-----------+--------+----------+
        |- Loop 1       |   288000|   288000|         1|          1|          1|  288000|       yes|
        |- copy_input   |    96000|    96000|         1|          1|          1|   96000|       yes|
        |- copy_output  |    96001|    96001|         3|          1|          1|   96000|       yes|
        +---------------+---------+---------+----------+-----------+-----------+--------+----------+



================================================================
== Utilization Estimates
================================================================
* Summary: 
+-----------------+---------+------+--------+--------+-----+
|       Name      | BRAM_18K|  DSP |   FF   |   LUT  | URAM|
+-----------------+---------+------+--------+--------+-----+
|DSP              |        -|     -|       -|       -|    -|
|Expression       |        -|     -|       0|     160|    -|
|FIFO             |        -|     -|       -|       -|    -|
|Instance         |       18|    25|    4772|   27568|    -|
|Memory           |      443|     -|       0|       0|    -|
|Multiplexer      |        -|     -|       -|     351|    -|
|Register         |        -|     -|     209|       -|    -|
+-----------------+---------+------+--------+--------+-----+
|Total            |      461|    25|    4981|   28079|    0|
+-----------------+---------+------+--------+--------+-----+
|Available        |     2160|  4272|  850560|  425280|   80|
+-----------------+---------+------+--------+--------+-----+
|Utilization (%)  |       21|    ~0|      ~0|       6|    0|
+-----------------+---------+------+--------+--------+-----+

+ Detail: 
    * Instance: 
    +--------------------------------------+---------------------------+---------+----+------+-------+-----+
    |               Instance               |           Module          | BRAM_18K| DSP|  FF  |  LUT  | URAM|
    +--------------------------------------+---------------------------+---------+----+------+-------+-----+
    |control_s_axi_U                       |control_s_axi              |        0|   0|   182|    296|    0|
    |grp_dataflow_parent_loop_proc_fu_337  |dataflow_parent_loop_proc  |       16|  25|  3972|  23013|    0|
    |gmem_m_axi_U                          |gmem_m_axi                 |        2|   0|   512|    580|    0|
    |mul_2ns_18ns_19_1_1_U95               |mul_2ns_18ns_19_1_1        |        0|   0|     0|      5|    0|
    |grp_write_buffer_fft_fu_374           |write_buffer_fft           |        0|   0|   106|   3674|    0|
    +--------------------------------------+---------------------------+---------+----+------+-------+-----+
    |Total                                 |                           |       18|  25|  4772|  27568|    0|
    +--------------------------------------+---------------------------+---------+----+------+-------+-----+

    * DSP: 
    N/A

    * Memory: 
    +-----------------+---------------+---------+---+----+-----+--------+-----+------+-------------+
    |      Memory     |     Module    | BRAM_18K| FF| LUT| URAM|  Words | Bits| Banks| W*Bits*Banks|
    +-----------------+---------------+---------+---+----+-----+--------+-----+------+-------------+
    |IN_real_V_U      |IN_real_V      |      124|  0|   0|    0|   96000|   23|     1|      2208000|
    |IN_imag_V_U      |IN_real_V      |      124|  0|   0|    0|   96000|   23|     1|      2208000|
    |pss_rslt_temp_U  |pss_rslt_temp  |      195|  0|   0|    0|  288000|   12|     1|      3456000|
    +-----------------+---------------+---------+---+----+-----+--------+-----+------+-------------+
    |Total            |               |      443|  0|   0|    0|  480000|   58|     3|      7872000|
    +-----------------+---------------+---------+---+----+-----+--------+-----+------+-------------+

    * FIFO: 
    N/A

    * Expression: 
    +-------------------------------------------------------+----------+----+---+----+------------+------------+
    |                     Variable Name                     | Operation| DSP| FF| LUT| Bitwidth P0| Bitwidth P1|
    +-------------------------------------------------------+----------+----+---+----+------------+------------+
    |add_ln203_fu_528_p2                                    |         +|   0|  0|  26|          19|          19|
    |add_ln691_1_fu_512_p2                                  |         +|   0|  0|  24|          17|           1|
    |add_ln691_fu_425_p2                                    |         +|   0|  0|  24|          17|           1|
    |empty_91_fu_408_p2                                     |         +|   0|  0|  26|          19|           1|
    |ap_block_pp2_stage0_11001                              |       and|   0|  0|   2|           1|           1|
    |ap_block_state11_io                                    |       and|   0|  0|   2|           1|           1|
    |grp_write_buffer_fft_fu_374_OUT_FFT_TREADY             |       and|   0|  0|   2|           1|           1|
    |grp_write_buffer_fft_fu_374_pss_id_TREADY              |       and|   0|  0|   2|           1|           1|
    |exitcond894_i_i_fu_414_p2                              |      icmp|   0|  0|  14|          19|          19|
    |icmp_ln878_1_fu_518_p2                                 |      icmp|   0|  0|  13|          17|          17|
    |icmp_ln878_fu_431_p2                                   |      icmp|   0|  0|  13|          17|          17|
    |ap_block_state16                                       |        or|   0|  0|   2|           1|           1|
    |ap_block_state4                                        |        or|   0|  0|   2|           1|           1|
    |ap_sync_grp_dataflow_parent_loop_proc_fu_337_ap_done   |        or|   0|  0|   2|           1|           1|
    |ap_sync_grp_dataflow_parent_loop_proc_fu_337_ap_ready  |        or|   0|  0|   2|           1|           1|
    |ap_enable_pp2                                          |       xor|   0|  0|   2|           1|           2|
    |ap_enable_reg_pp2_iter1                                |       xor|   0|  0|   2|           2|           1|
    +-------------------------------------------------------+----------+----+---+----+------------+------------+
    |Total                                                  |          |   0|  0| 160|         136|          86|
    +-------------------------------------------------------+----------+----+---+----+------------+------------+

    * Multiplexer: 
    +-------------------------+----+-----------+-----+-----------+
    |           Name          | LUT| Input Size| Bits| Total Bits|
    +-------------------------+----+-----------+-----+-----------+
    |IN_I_TDATA_blk_n         |   9|          2|    1|          2|
    |IN_R_TDATA_blk_n         |   9|          2|    1|          2|
    |IN_imag_V_address0       |  20|          4|   17|         68|
    |IN_imag_V_ce0            |  20|          4|    1|          4|
    |IN_imag_V_ce1            |   9|          2|    1|          2|
    |IN_real_V_address0       |  20|          4|   17|         68|
    |IN_real_V_ce0            |  20|          4|    1|          4|
    |IN_real_V_ce1            |   9|          2|    1|          2|
    |ap_NS_fsm                |  65|         15|    1|         15|
    |ap_enable_reg_pp2_iter1  |   9|          2|    1|          2|
    |ap_enable_reg_pp2_iter2  |   9|          2|    1|          2|
    |empty_reg_304            |   9|          2|   19|         38|
    |gmem_blk_n_AW            |   9|          2|    1|          2|
    |gmem_blk_n_B             |   9|          2|    1|          2|
    |gmem_blk_n_W             |   9|          2|    1|          2|
    |i_V_1_reg_326            |   9|          2|   17|         34|
    |i_V_reg_315              |   9|          2|   17|         34|
    |peak_id_temp_fu_184      |   9|          2|   17|         34|
    |pss_id_temp_fu_180       |   9|          2|    2|          4|
    |pss_rslt_temp_address0   |  20|          4|   19|         76|
    |pss_rslt_temp_ce0        |  14|          3|    1|          3|
    |pss_rslt_temp_ce1        |   9|          2|    1|          2|
    |pss_rslt_temp_d0         |  14|          3|   12|         36|
    |pss_rslt_temp_we0        |  14|          3|    1|          3|
    |pss_rslt_temp_we1        |   9|          2|    1|          2|
    +-------------------------+----+-----------+-----+-----------+
    |Total                    | 351|         76|  153|        443|
    +-------------------------+----+-----------+-----+-----------+

    * Register: 
    +-----------------------------------------------------------+----+----+-----+-----------+
    |                            Name                           | FF | LUT| Bits| Const Bits|
    +-----------------------------------------------------------+----+----+-----+-----------+
    |OUT_RSLT_read_reg_542                                      |  64|   0|   64|          0|
    |ap_CS_fsm                                                  |  14|   0|   14|          0|
    |ap_enable_reg_pp2_iter0                                    |   1|   0|    1|          0|
    |ap_enable_reg_pp2_iter1                                    |   1|   0|    1|          0|
    |ap_enable_reg_pp2_iter2                                    |   1|   0|    1|          0|
    |ap_sync_reg_grp_dataflow_parent_loop_proc_fu_337_ap_done   |   1|   0|    1|          0|
    |ap_sync_reg_grp_dataflow_parent_loop_proc_fu_337_ap_ready  |   1|   0|    1|          0|
    |empty_reg_304                                              |  19|   0|   19|          0|
    |grp_dataflow_parent_loop_proc_fu_337_ap_start_reg          |   1|   0|    1|          0|
    |grp_write_buffer_fft_fu_374_ap_start_reg                   |   1|   0|    1|          0|
    |i_V_1_reg_326                                              |  17|   0|   17|          0|
    |i_V_reg_315                                                |  17|   0|   17|          0|
    |icmp_ln878_1_reg_609                                       |   1|   0|    1|          0|
    |icmp_ln878_1_reg_609_pp2_iter1_reg                         |   1|   0|    1|          0|
    |mul_ln203_reg_594                                          |  19|   0|   19|          0|
    |peak_id_temp_fu_184                                        |  17|   0|   17|          0|
    |pss_id_temp_fu_180                                         |   2|   0|    2|          0|
    |pss_rslt_temp_load_reg_618                                 |  12|   0|   12|          0|
    |zext_ln267_1_reg_599                                       |   2|   0|   32|         30|
    |zext_ln267_reg_589                                         |  17|   0|   32|         15|
    +-----------------------------------------------------------+----+----+-----+-----------+
    |Total                                                      | 209|   0|  254|         45|
    +-----------------------------------------------------------+----+----+-----+-----------+



================================================================
== Interface
================================================================
* Summary: 
+-----------------------+-----+-----+------------+------------------+--------------+
|       RTL Ports       | Dir | Bits|  Protocol  |   Source Object  |    C Type    |
+-----------------------+-----+-----+------------+------------------+--------------+
|s_axi_control_AWVALID  |   in|    1|       s_axi|           control|        scalar|
|s_axi_control_AWREADY  |  out|    1|       s_axi|           control|        scalar|
|s_axi_control_AWADDR   |   in|    6|       s_axi|           control|        scalar|
|s_axi_control_WVALID   |   in|    1|       s_axi|           control|        scalar|
|s_axi_control_WREADY   |  out|    1|       s_axi|           control|        scalar|
|s_axi_control_WDATA    |   in|   32|       s_axi|           control|        scalar|
|s_axi_control_WSTRB    |   in|    4|       s_axi|           control|        scalar|
|s_axi_control_ARVALID  |   in|    1|       s_axi|           control|        scalar|
|s_axi_control_ARREADY  |  out|    1|       s_axi|           control|        scalar|
|s_axi_control_ARADDR   |   in|    6|       s_axi|           control|        scalar|
|s_axi_control_RVALID   |  out|    1|       s_axi|           control|        scalar|
|s_axi_control_RREADY   |   in|    1|       s_axi|           control|        scalar|
|s_axi_control_RDATA    |  out|   32|       s_axi|           control|        scalar|
|s_axi_control_RRESP    |  out|    2|       s_axi|           control|        scalar|
|s_axi_control_BVALID   |  out|    1|       s_axi|           control|        scalar|
|s_axi_control_BREADY   |   in|    1|       s_axi|           control|        scalar|
|s_axi_control_BRESP    |  out|    2|       s_axi|           control|        scalar|
|ap_clk                 |   in|    1|  ap_ctrl_hs|     lteCellSearch|  return value|
|ap_rst_n               |   in|    1|  ap_ctrl_hs|     lteCellSearch|  return value|
|interrupt              |  out|    1|  ap_ctrl_hs|     lteCellSearch|  return value|
|m_axi_gmem_AWVALID     |  out|    1|       m_axi|              gmem|       pointer|
|m_axi_gmem_AWREADY     |   in|    1|       m_axi|              gmem|       pointer|
|m_axi_gmem_AWADDR      |  out|   64|       m_axi|              gmem|       pointer|
|m_axi_gmem_AWID        |  out|    1|       m_axi|              gmem|       pointer|
|m_axi_gmem_AWLEN       |  out|    8|       m_axi|              gmem|       pointer|
|m_axi_gmem_AWSIZE      |  out|    3|       m_axi|              gmem|       pointer|
|m_axi_gmem_AWBURST     |  out|    2|       m_axi|              gmem|       pointer|
|m_axi_gmem_AWLOCK      |  out|    2|       m_axi|              gmem|       pointer|
|m_axi_gmem_AWCACHE     |  out|    4|       m_axi|              gmem|       pointer|
|m_axi_gmem_AWPROT      |  out|    3|       m_axi|              gmem|       pointer|
|m_axi_gmem_AWQOS       |  out|    4|       m_axi|              gmem|       pointer|
|m_axi_gmem_AWREGION    |  out|    4|       m_axi|              gmem|       pointer|
|m_axi_gmem_AWUSER      |  out|    1|       m_axi|              gmem|       pointer|
|m_axi_gmem_WVALID      |  out|    1|       m_axi|              gmem|       pointer|
|m_axi_gmem_WREADY      |   in|    1|       m_axi|              gmem|       pointer|
|m_axi_gmem_WDATA       |  out|   32|       m_axi|              gmem|       pointer|
|m_axi_gmem_WSTRB       |  out|    4|       m_axi|              gmem|       pointer|
|m_axi_gmem_WLAST       |  out|    1|       m_axi|              gmem|       pointer|
|m_axi_gmem_WID         |  out|    1|       m_axi|              gmem|       pointer|
|m_axi_gmem_WUSER       |  out|    1|       m_axi|              gmem|       pointer|
|m_axi_gmem_ARVALID     |  out|    1|       m_axi|              gmem|       pointer|
|m_axi_gmem_ARREADY     |   in|    1|       m_axi|              gmem|       pointer|
|m_axi_gmem_ARADDR      |  out|   64|       m_axi|              gmem|       pointer|
|m_axi_gmem_ARID        |  out|    1|       m_axi|              gmem|       pointer|
|m_axi_gmem_ARLEN       |  out|    8|       m_axi|              gmem|       pointer|
|m_axi_gmem_ARSIZE      |  out|    3|       m_axi|              gmem|       pointer|
|m_axi_gmem_ARBURST     |  out|    2|       m_axi|              gmem|       pointer|
|m_axi_gmem_ARLOCK      |  out|    2|       m_axi|              gmem|       pointer|
|m_axi_gmem_ARCACHE     |  out|    4|       m_axi|              gmem|       pointer|
|m_axi_gmem_ARPROT      |  out|    3|       m_axi|              gmem|       pointer|
|m_axi_gmem_ARQOS       |  out|    4|       m_axi|              gmem|       pointer|
|m_axi_gmem_ARREGION    |  out|    4|       m_axi|              gmem|       pointer|
|m_axi_gmem_ARUSER      |  out|    1|       m_axi|              gmem|       pointer|
|m_axi_gmem_RVALID      |   in|    1|       m_axi|              gmem|       pointer|
|m_axi_gmem_RREADY      |  out|    1|       m_axi|              gmem|       pointer|
|m_axi_gmem_RDATA       |   in|   32|       m_axi|              gmem|       pointer|
|m_axi_gmem_RLAST       |   in|    1|       m_axi|              gmem|       pointer|
|m_axi_gmem_RID         |   in|    1|       m_axi|              gmem|       pointer|
|m_axi_gmem_RUSER       |   in|    1|       m_axi|              gmem|       pointer|
|m_axi_gmem_RRESP       |   in|    2|       m_axi|              gmem|       pointer|
|m_axi_gmem_BVALID      |   in|    1|       m_axi|              gmem|       pointer|
|m_axi_gmem_BREADY      |  out|    1|       m_axi|              gmem|       pointer|
|m_axi_gmem_BRESP       |   in|    2|       m_axi|              gmem|       pointer|
|m_axi_gmem_BID         |   in|    1|       m_axi|              gmem|       pointer|
|m_axi_gmem_BUSER       |   in|    1|       m_axi|              gmem|       pointer|
|IN_R_TDATA             |   in|   16|        axis|     IN_R_V_data_V|       pointer|
|IN_R_TVALID            |   in|    1|        axis|     IN_R_V_last_V|       pointer|
|IN_R_TREADY            |  out|    1|        axis|     IN_R_V_last_V|       pointer|
|IN_R_TLAST             |   in|    1|        axis|     IN_R_V_last_V|       pointer|
|IN_R_TKEEP             |   in|    2|        axis|     IN_R_V_keep_V|       pointer|
|IN_R_TSTRB             |   in|    2|        axis|     IN_R_V_strb_V|       pointer|
|IN_I_TDATA             |   in|   16|        axis|     IN_I_V_data_V|       pointer|
|IN_I_TVALID            |   in|    1|        axis|     IN_I_V_last_V|       pointer|
|IN_I_TREADY            |  out|    1|        axis|     IN_I_V_last_V|       pointer|
|IN_I_TLAST             |   in|    1|        axis|     IN_I_V_last_V|       pointer|
|IN_I_TKEEP             |   in|    2|        axis|     IN_I_V_keep_V|       pointer|
|IN_I_TSTRB             |   in|    2|        axis|     IN_I_V_strb_V|       pointer|
|OUT_FFT_TDATA          |  out|   64|        axis|  OUT_FFT_V_data_V|       pointer|
|OUT_FFT_TVALID         |  out|    1|        axis|  OUT_FFT_V_last_V|       pointer|
|OUT_FFT_TREADY         |   in|    1|        axis|  OUT_FFT_V_last_V|       pointer|
|OUT_FFT_TLAST          |  out|    1|        axis|  OUT_FFT_V_last_V|       pointer|
|OUT_FFT_TKEEP          |  out|    8|        axis|  OUT_FFT_V_keep_V|       pointer|
|OUT_FFT_TSTRB          |  out|    8|        axis|  OUT_FFT_V_strb_V|       pointer|
|pss_id_TDATA           |  out|   32|        axis|   pss_id_V_data_V|       pointer|
|pss_id_TVALID          |  out|    1|        axis|   pss_id_V_last_V|       pointer|
|pss_id_TREADY          |   in|    1|        axis|   pss_id_V_last_V|       pointer|
|pss_id_TLAST           |  out|    1|        axis|   pss_id_V_last_V|       pointer|
|pss_id_TKEEP           |  out|    4|        axis|   pss_id_V_keep_V|       pointer|
|pss_id_TSTRB           |  out|    4|        axis|   pss_id_V_strb_V|       pointer|
+-----------------------+-----+-----+------------+------------------+--------------+

