

================================================================
== Vitis HLS Report for 'sqrt_fixed_40_18_s'
================================================================
* Date:           Thu Jun  2 15:26:08 2022

* Version:        2020.2 (Build 3064766 on Wed Nov 18 09:12:47 MST 2020)
* Project:        hls
* Solution:       solution1 (Vivado IP Flow Target)
* Product family: zynquplus
* Target device:  xczu28dr-ffvg1517-2-e


================================================================
== Performance Estimates
================================================================
+ Timing: 
    * Summary: 
    +--------+----------+-----------+------------+
    |  Clock |  Target  | Estimated | Uncertainty|
    +--------+----------+-----------+------------+
    |ap_clk  |  16.30 ns|  11.892 ns|     4.40 ns|
    +--------+----------+-----------+------------+

+ Latency: 
    * Summary: 
    +---------+---------+-----------+-----------+-----+-----+---------+
    |  Latency (cycles) |   Latency (absolute)  |  Interval | Pipeline|
    |   min   |   max   |    min    |    max    | min | max |   Type  |
    +---------+---------+-----------+-----------+-----+-----+---------+
    |        4|        4|  65.200 ns|  65.200 ns|    1|    1|      yes|
    +---------+---------+-----------+-----------+-----+-----+---------+

    + Detail: 
        * Instance: 
        N/A

        * Loop: 
        N/A



================================================================
== Utilization Estimates
================================================================
* Summary: 
+-----------------+---------+------+--------+--------+-----+
|       Name      | BRAM_18K|  DSP |   FF   |   LUT  | URAM|
+-----------------+---------+------+--------+--------+-----+
|DSP              |        -|     -|       -|       -|    -|
|Expression       |        -|     -|       0|    6392|    -|
|FIFO             |        -|     -|       -|       -|    -|
|Instance         |        -|     -|       -|       -|    -|
|Memory           |        -|     -|       -|       -|    -|
|Multiplexer      |        -|     -|       -|       -|    -|
|Register         |        -|     -|     720|      64|    -|
+-----------------+---------+------+--------+--------+-----+
|Total            |        0|     0|     720|    6456|    0|
+-----------------+---------+------+--------+--------+-----+
|Available        |     2160|  4272|  850560|  425280|   80|
+-----------------+---------+------+--------+--------+-----+
|Utilization (%)  |        0|     0|      ~0|       1|    0|
+-----------------+---------+------+--------+--------+-----+

+ Detail: 
    * Instance: 
    N/A

    * DSP: 
    N/A

    * Memory: 
    N/A

    * FIFO: 
    N/A

    * Expression: 
    +---------------------------+----------+----+---+----+------------+------------+
    |       Variable Name       | Operation| DSP| FF| LUT| Bitwidth P0| Bitwidth P1|
    +---------------------------+----------+----+---+----+------------+------------+
    |add_ln248_fu_400_p2        |         +|   0|  0|  10|           3|           2|
    |res_FH_V_66_fu_4683_p2     |         +|   0|  0|  30|          23|           1|
    |res_FH_l_V_fu_4677_p2      |         +|   0|  0|  31|          24|           1|
    |res_I_V_16_fu_4697_p2      |         +|   0|  0|  16|           9|           1|
    |x_l_FH_V_35_fu_1251_p2     |         +|   0|  0|  30|          23|          23|
    |x_l_FH_V_56_fu_2559_p2     |         +|   0|  0|  30|          23|          23|
    |x_l_FH_V_58_fu_2728_p2     |         +|   0|  0|  23|          23|          23|
    |x_l_FH_V_60_fu_2925_p2     |         +|   0|  0|  23|          23|          23|
    |x_l_FH_V_62_fu_3122_p2     |         +|   0|  0|  23|          23|          23|
    |x_l_FH_V_64_fu_3319_p2     |         +|   0|  0|  23|          23|          23|
    |x_l_FH_V_66_fu_3516_p2     |         +|   0|  0|  23|          23|          23|
    |x_l_FH_V_68_fu_3754_p2     |         +|   0|  0|  23|          23|          23|
    |x_l_FH_V_70_fu_3903_p2     |         +|   0|  0|  23|          23|          23|
    |x_l_FH_V_72_fu_4100_p2     |         +|   0|  0|  23|          23|          23|
    |x_l_FH_V_74_fu_4297_p2     |         +|   0|  0|  23|          23|          23|
    |x_l_FH_V_76_fu_4494_p2     |         +|   0|  0|  23|          23|          23|
    |x_l_I_V_19_fu_1108_p2      |         +|   0|  0|  28|          21|           2|
    |x_l_I_V_26_fu_1465_p2      |         +|   0|  0|  28|          21|           2|
    |x_l_I_V_30_fu_1591_p2      |         +|   0|  0|  28|          21|           2|
    |x_l_I_V_34_fu_1717_p2      |         +|   0|  0|  28|          21|           2|
    |x_l_I_V_38_fu_1843_p2      |         +|   0|  0|  28|          21|           2|
    |x_l_I_V_42_fu_1962_p2      |         +|   0|  0|  28|          21|           2|
    |x_l_I_V_46_fu_2086_p2      |         +|   0|  0|  28|          21|           2|
    |x_l_I_V_50_fu_2212_p2      |         +|   0|  0|  28|          21|           2|
    |x_l_I_V_54_fu_2327_p2      |         +|   0|  0|  28|          21|           2|
    |x_l_I_V_57_fu_2432_p2      |         +|   0|  0|  28|          21|           2|
    |x_l_I_V_60_fu_2547_p2      |         +|   0|  0|  28|          21|           2|
    |x_l_I_V_63_fu_2690_p2      |         +|   0|  0|  28|          21|           2|
    |x_l_I_V_66_fu_2887_p2      |         +|   0|  0|  28|          21|           2|
    |x_l_I_V_69_fu_3084_p2      |         +|   0|  0|  28|          21|           2|
    |x_l_I_V_72_fu_3281_p2      |         +|   0|  0|  28|          21|           2|
    |x_l_I_V_75_fu_3478_p2      |         +|   0|  0|  28|          21|           2|
    |x_l_I_V_78_fu_3667_p2      |         +|   0|  0|  28|          21|           2|
    |x_l_I_V_81_fu_3865_p2      |         +|   0|  0|  28|          21|           2|
    |x_l_I_V_84_fu_4062_p2      |         +|   0|  0|  28|          21|           2|
    |x_l_I_V_87_fu_4259_p2      |         +|   0|  0|  28|          21|           2|
    |x_l_I_V_90_fu_4456_p2      |         +|   0|  0|  28|          21|           2|
    |x_l_I_V_fu_1339_p2         |         +|   0|  0|  28|          21|           2|
    |sub_ln248_1_fu_554_p2      |         -|   0|  0|  12|           5|           5|
    |sub_ln248_2_fu_636_p2      |         -|   0|  0|  13|           6|           6|
    |sub_ln248_3_fu_718_p2      |         -|   0|  0|  14|           7|           7|
    |sub_ln248_4_fu_800_p2      |         -|   0|  0|  15|           8|           8|
    |sub_ln248_5_fu_882_p2      |         -|   0|  0|  16|           9|           9|
    |sub_ln248_6_fu_964_p2      |         -|   0|  0|  17|          10|          10|
    |sub_ln248_7_fu_1030_p2     |         -|   0|  0|  18|          11|          11|
    |sub_ln248_fu_472_p2        |         -|   0|  0|  12|           4|           4|
    |sub_ln703_12_fu_3510_p2    |         -|   0|  0|  23|          23|          23|
    |sub_ln703_15_fu_3749_p2    |         -|   0|  0|  23|          23|          23|
    |sub_ln703_18_fu_3897_p2    |         -|   0|  0|  23|          23|          23|
    |sub_ln703_21_fu_4094_p2    |         -|   0|  0|  23|          23|          23|
    |sub_ln703_24_fu_4291_p2    |         -|   0|  0|  23|          23|          23|
    |sub_ln703_27_fu_4488_p2    |         -|   0|  0|  23|          23|          23|
    |sub_ln703_3_fu_2919_p2     |         -|   0|  0|  23|          23|          23|
    |sub_ln703_6_fu_3116_p2     |         -|   0|  0|  23|          23|          23|
    |sub_ln703_9_fu_3313_p2     |         -|   0|  0|  23|          23|          23|
    |sub_ln703_fu_2722_p2       |         -|   0|  0|  23|          23|          23|
    |x_l_FH_V_36_fu_1359_p2     |         -|   0|  0|  30|          23|          23|
    |x_l_FH_V_38_fu_1485_p2     |         -|   0|  0|  30|          23|          23|
    |x_l_FH_V_40_fu_1611_p2     |         -|   0|  0|  30|          23|          23|
    |x_l_FH_V_42_fu_1737_p2     |         -|   0|  0|  30|          23|          23|
    |x_l_FH_V_44_fu_1863_p2     |         -|   0|  0|  30|          23|          23|
    |x_l_FH_V_46_fu_1982_p2     |         -|   0|  0|  30|          23|          23|
    |x_l_FH_V_48_fu_2106_p2     |         -|   0|  0|  30|          23|          23|
    |x_l_FH_V_50_fu_2232_p2     |         -|   0|  0|  30|          23|          23|
    |x_l_FH_V_52_fu_2341_p2     |         -|   0|  0|  30|          23|          23|
    |x_l_FH_V_54_fu_2446_p2     |         -|   0|  0|  30|          23|          23|
    |x_l_FL_V_11_fu_3699_p2     |         -|   0|  0|  30|          23|          23|
    |x_l_FL_V_13_fu_3909_p2     |         -|   0|  0|  30|          23|          23|
    |x_l_FL_V_15_fu_4106_p2     |         -|   0|  0|  30|          23|          23|
    |x_l_FL_V_17_fu_4303_p2     |         -|   0|  0|  30|          23|          23|
    |x_l_FL_V_19_fu_4500_p2     |         -|   0|  0|  30|          23|          23|
    |x_l_FL_V_3_fu_2931_p2      |         -|   0|  0|  30|          23|          23|
    |x_l_FL_V_5_fu_3128_p2      |         -|   0|  0|  30|          23|          23|
    |x_l_FL_V_7_fu_3325_p2      |         -|   0|  0|  30|          23|          23|
    |x_l_FL_V_9_fu_3522_p2      |         -|   0|  0|  30|          23|          23|
    |x_l_FL_V_fu_2734_p2        |         -|   0|  0|  30|          23|          23|
    |x_l_I_V_102_fu_1246_p2     |         -|   0|  0|  28|          21|          21|
    |x_l_I_V_104_fu_1353_p2     |         -|   0|  0|  28|          21|          21|
    |x_l_I_V_106_fu_1479_p2     |         -|   0|  0|  28|          21|          21|
    |x_l_I_V_108_fu_1605_p2     |         -|   0|  0|  28|          21|          21|
    |x_l_I_V_110_fu_1731_p2     |         -|   0|  0|  28|          21|          21|
    |x_l_I_V_112_fu_1857_p2     |         -|   0|  0|  28|          21|          21|
    |x_l_I_V_114_fu_1976_p2     |         -|   0|  0|  28|          21|          21|
    |x_l_I_V_116_fu_2100_p2     |         -|   0|  0|  28|          21|          21|
    |x_l_I_V_118_fu_2226_p2     |         -|   0|  0|  28|          21|          21|
    |and_ln318_10_fu_2363_p2    |       and|   0|  0|   2|           1|           1|
    |and_ln318_11_fu_2468_p2    |       and|   0|  0|   2|           1|           1|
    |and_ln318_12_fu_2768_p2    |       and|   0|  0|   2|           1|           1|
    |and_ln318_13_fu_2774_p2    |       and|   0|  0|   2|           1|           1|
    |and_ln318_14_fu_2965_p2    |       and|   0|  0|   2|           1|           1|
    |and_ln318_15_fu_2971_p2    |       and|   0|  0|   2|           1|           1|
    |and_ln318_16_fu_3162_p2    |       and|   0|  0|   2|           1|           1|
    |and_ln318_17_fu_3168_p2    |       and|   0|  0|   2|           1|           1|
    |and_ln318_18_fu_3359_p2    |       and|   0|  0|   2|           1|           1|
    |and_ln318_19_fu_3365_p2    |       and|   0|  0|   2|           1|           1|
    |and_ln318_1_fu_1262_p2     |       and|   0|  0|   2|           1|           1|
    |and_ln318_20_fu_3556_p2    |       and|   0|  0|   2|           1|           1|
    |and_ln318_21_fu_3562_p2    |       and|   0|  0|   2|           1|           1|
    |and_ln318_22_fu_3723_p2    |       and|   0|  0|   2|           1|           1|
    |and_ln318_23_fu_3729_p2    |       and|   0|  0|   2|           1|           1|
    |and_ln318_24_fu_3943_p2    |       and|   0|  0|   2|           1|           1|
    |and_ln318_25_fu_3949_p2    |       and|   0|  0|   2|           1|           1|
    |and_ln318_26_fu_4140_p2    |       and|   0|  0|   2|           1|           1|
    |and_ln318_27_fu_4146_p2    |       and|   0|  0|   2|           1|           1|
    |and_ln318_28_fu_4337_p2    |       and|   0|  0|   2|           1|           1|
    |and_ln318_29_fu_4343_p2    |       and|   0|  0|   2|           1|           1|
    |and_ln318_2_fu_1387_p2     |       and|   0|  0|   2|           1|           1|
    |and_ln318_30_fu_4534_p2    |       and|   0|  0|   2|           1|           1|
    |and_ln318_31_fu_4540_p2    |       and|   0|  0|   2|           1|           1|
    |and_ln318_32_fu_4653_p2    |       and|   0|  0|   2|           1|           1|
    |and_ln318_33_fu_4659_p2    |       and|   0|  0|   2|           1|           1|
    |and_ln318_3_fu_1513_p2     |       and|   0|  0|   2|           1|           1|
    |and_ln318_4_fu_1639_p2     |       and|   0|  0|   2|           1|           1|
    |and_ln318_5_fu_1765_p2     |       and|   0|  0|   2|           1|           1|
    |and_ln318_6_fu_1881_p2     |       and|   0|  0|   2|           1|           1|
    |and_ln318_7_fu_2009_p2     |       and|   0|  0|   2|           1|           1|
    |and_ln318_8_fu_2134_p2     |       and|   0|  0|   2|           1|           1|
    |and_ln318_9_fu_2260_p2     |       and|   0|  0|   2|           1|           1|
    |and_ln318_fu_2535_p2       |       and|   0|  0|   2|           1|           1|
    |and_ln339_1_fu_2905_p2     |       and|   0|  0|   2|           1|           1|
    |and_ln339_2_fu_3102_p2     |       and|   0|  0|   2|           1|           1|
    |and_ln339_3_fu_3299_p2     |       and|   0|  0|   2|           1|           1|
    |and_ln339_4_fu_3496_p2     |       and|   0|  0|   2|           1|           1|
    |and_ln339_5_fu_3685_p2     |       and|   0|  0|   2|           1|           1|
    |and_ln339_6_fu_3883_p2     |       and|   0|  0|   2|           1|           1|
    |and_ln339_7_fu_4080_p2     |       and|   0|  0|   2|           1|           1|
    |and_ln339_8_fu_4277_p2     |       and|   0|  0|   2|           1|           1|
    |and_ln339_9_fu_4474_p2     |       and|   0|  0|   2|           1|           1|
    |and_ln339_fu_2708_p2       |       and|   0|  0|   2|           1|           1|
    |delta_V_1_fu_2855_p2       |      icmp|   0|  0|  16|          23|          23|
    |delta_V_2_fu_3052_p2       |      icmp|   0|  0|  16|          23|          23|
    |delta_V_3_fu_3249_p2       |      icmp|   0|  0|  16|          23|          23|
    |delta_V_4_fu_3446_p2       |      icmp|   0|  0|  16|          23|          23|
    |delta_V_5_fu_3643_p2       |      icmp|   0|  0|  16|          23|          23|
    |delta_V_6_fu_3833_p2       |      icmp|   0|  0|  16|          23|          23|
    |delta_V_7_fu_4030_p2       |      icmp|   0|  0|  16|          23|          23|
    |delta_V_8_fu_4227_p2       |      icmp|   0|  0|  16|          23|          23|
    |delta_V_9_fu_4424_p2       |      icmp|   0|  0|  16|          23|          23|
    |delta_V_fu_2658_p2         |      icmp|   0|  0|  16|          23|          23|
    |icmp_ln1494_10_fu_1869_p2  |      icmp|   0|  0|  15|          21|          21|
    |icmp_ln1494_11_fu_1997_p2  |      icmp|   0|  0|  15|          21|          21|
    |icmp_ln1494_12_fu_2122_p2  |      icmp|   0|  0|  15|          21|          21|
    |icmp_ln1494_13_fu_2517_p2  |      icmp|   0|  0|  15|          21|           1|
    |icmp_ln1494_14_fu_2529_p2  |      icmp|   0|  0|  16|          23|          23|
    |icmp_ln1494_15_fu_2248_p2  |      icmp|   0|  0|  15|          21|          21|
    |icmp_ln1494_16_fu_2357_p2  |      icmp|   0|  0|  15|          21|           1|
    |icmp_ln1494_17_fu_2462_p2  |      icmp|   0|  0|  15|          21|           1|
    |icmp_ln1494_18_fu_2756_p2  |      icmp|   0|  0|  16|          23|          23|
    |icmp_ln1494_19_fu_2953_p2  |      icmp|   0|  0|  16|          23|          23|
    |icmp_ln1494_20_fu_3150_p2  |      icmp|   0|  0|  16|          23|          23|
    |icmp_ln1494_21_fu_3347_p2  |      icmp|   0|  0|  16|          23|          23|
    |icmp_ln1494_22_fu_3544_p2  |      icmp|   0|  0|  16|          23|          23|
    |icmp_ln1494_23_fu_3711_p2  |      icmp|   0|  0|  16|          23|          23|
    |icmp_ln1494_24_fu_3931_p2  |      icmp|   0|  0|  16|          23|          23|
    |icmp_ln1494_25_fu_4128_p2  |      icmp|   0|  0|  16|          23|          23|
    |icmp_ln1494_26_fu_4325_p2  |      icmp|   0|  0|  16|          23|          23|
    |icmp_ln1494_27_fu_4522_p2  |      icmp|   0|  0|  16|          23|          23|
    |icmp_ln1494_28_fu_4641_p2  |      icmp|   0|  0|  16|          23|          23|
    |icmp_ln1494_6_fu_1375_p2   |      icmp|   0|  0|  15|          21|          21|
    |icmp_ln1494_7_fu_1501_p2   |      icmp|   0|  0|  15|          21|          21|
    |icmp_ln1494_8_fu_1627_p2   |      icmp|   0|  0|  15|          21|          21|
    |icmp_ln1494_9_fu_1753_p2   |      icmp|   0|  0|  15|          21|          21|
    |icmp_ln1494_fu_1114_p2     |      icmp|   0|  0|  15|          21|          21|
    |icmp_ln1495_1_fu_2893_p2   |      icmp|   0|  0|  16|          23|          23|
    |icmp_ln1495_2_fu_3090_p2   |      icmp|   0|  0|  16|          23|          23|
    |icmp_ln1495_3_fu_3287_p2   |      icmp|   0|  0|  16|          23|          23|
    |icmp_ln1495_4_fu_3484_p2   |      icmp|   0|  0|  16|          23|          23|
    |icmp_ln1495_5_fu_3673_p2   |      icmp|   0|  0|  16|          23|          23|
    |icmp_ln1495_6_fu_3871_p2   |      icmp|   0|  0|  16|          23|          23|
    |icmp_ln1495_7_fu_4068_p2   |      icmp|   0|  0|  16|          23|          23|
    |icmp_ln1495_8_fu_4265_p2   |      icmp|   0|  0|  16|          23|          23|
    |icmp_ln1495_9_fu_4462_p2   |      icmp|   0|  0|  16|          23|          23|
    |icmp_ln1495_fu_2696_p2     |      icmp|   0|  0|  16|          23|          23|
    |icmp_ln1496_fu_4613_p2     |      icmp|   0|  0|  16|          23|          23|
    |icmp_ln1498_10_fu_4516_p2  |      icmp|   0|  0|  15|          21|           1|
    |icmp_ln1498_11_fu_4635_p2  |      icmp|   0|  0|  15|          21|           1|
    |icmp_ln1498_1_fu_2750_p2   |      icmp|   0|  0|  15|          21|           1|
    |icmp_ln1498_2_fu_2947_p2   |      icmp|   0|  0|  15|          21|           1|
    |icmp_ln1498_3_fu_3144_p2   |      icmp|   0|  0|  15|          21|           1|
    |icmp_ln1498_4_fu_3341_p2   |      icmp|   0|  0|  15|          21|           1|
    |icmp_ln1498_5_fu_3538_p2   |      icmp|   0|  0|  15|          21|           1|
    |icmp_ln1498_6_fu_3705_p2   |      icmp|   0|  0|  15|          21|           1|
    |icmp_ln1498_7_fu_3925_p2   |      icmp|   0|  0|  15|          21|           1|
    |icmp_ln1498_8_fu_4122_p2   |      icmp|   0|  0|  15|          21|           1|
    |icmp_ln1498_9_fu_4319_p2   |      icmp|   0|  0|  15|          21|           1|
    |icmp_ln1498_fu_2523_p2     |      icmp|   0|  0|  15|          21|           1|
    |icmp_ln318_10_fu_1825_p2   |      icmp|   0|  0|  15|          21|          21|
    |icmp_ln318_11_fu_2652_p2   |      icmp|   0|  0|  16|          23|          23|
    |icmp_ln318_12_fu_2849_p2   |      icmp|   0|  0|  16|          23|          23|
    |icmp_ln318_13_fu_3046_p2   |      icmp|   0|  0|  16|          23|          23|
    |icmp_ln318_14_fu_3243_p2   |      icmp|   0|  0|  16|          23|          23|
    |icmp_ln318_15_fu_3440_p2   |      icmp|   0|  0|  16|          23|          23|
    |icmp_ln318_16_fu_3637_p2   |      icmp|   0|  0|  16|          23|          23|
    |icmp_ln318_17_fu_3827_p2   |      icmp|   0|  0|  16|          23|          23|
    |icmp_ln318_18_fu_4024_p2   |      icmp|   0|  0|  16|          23|          23|
    |icmp_ln318_19_fu_4221_p2   |      icmp|   0|  0|  16|          23|          23|
    |icmp_ln318_1_fu_1102_p2    |      icmp|   0|  0|   8|           2|           1|
    |icmp_ln318_20_fu_4418_p2   |      icmp|   0|  0|  16|          23|          23|
    |icmp_ln318_21_fu_4607_p2   |      icmp|   0|  0|  16|          23|          23|
    |icmp_ln318_22_fu_1831_p2   |      icmp|   0|  0|  16|          23|          23|
    |icmp_ln318_23_fu_1945_p2   |      icmp|   0|  0|  15|          21|          21|
    |icmp_ln318_24_fu_1951_p2   |      icmp|   0|  0|  16|          23|          23|
    |icmp_ln318_25_fu_2068_p2   |      icmp|   0|  0|  15|          21|          21|
    |icmp_ln318_26_fu_2074_p2   |      icmp|   0|  0|  16|          23|          23|
    |icmp_ln318_27_fu_2194_p2   |      icmp|   0|  0|  15|          21|          21|
    |icmp_ln318_28_fu_2200_p2   |      icmp|   0|  0|  16|          23|          23|
    |icmp_ln318_29_fu_2309_p2   |      icmp|   0|  0|  15|          21|           1|
    |icmp_ln318_2_fu_1321_p2    |      icmp|   0|  0|  15|          21|          21|
    |icmp_ln318_30_fu_2315_p2   |      icmp|   0|  0|  16|          23|          23|
    |icmp_ln318_31_fu_2414_p2   |      icmp|   0|  0|  15|          21|           1|
    |icmp_ln318_32_fu_2420_p2   |      icmp|   0|  0|  16|          23|          23|
    |icmp_ln318_3_fu_1327_p2    |      icmp|   0|  0|  16|          23|          23|
    |icmp_ln318_4_fu_1447_p2    |      icmp|   0|  0|  15|          21|          21|
    |icmp_ln318_5_fu_1453_p2    |      icmp|   0|  0|  16|          23|          23|
    |icmp_ln318_6_fu_1573_p2    |      icmp|   0|  0|  15|          21|          21|
    |icmp_ln318_7_fu_1579_p2    |      icmp|   0|  0|  16|          23|          23|
    |icmp_ln318_8_fu_1699_p2    |      icmp|   0|  0|  15|          21|          21|
    |icmp_ln318_9_fu_1705_p2    |      icmp|   0|  0|  16|          23|          23|
    |icmp_ln318_fu_1086_p2      |      icmp|   0|  0|  15|          21|          21|
    |icmp_ln331_fu_2541_p2      |      icmp|   0|  0|  16|          23|          23|
    |icmp_ln489_1_fu_466_p2     |      icmp|   0|  0|   9|           4|           4|
    |icmp_ln489_2_fu_548_p2     |      icmp|   0|  0|   9|           5|           5|
    |icmp_ln489_3_fu_630_p2     |      icmp|   0|  0|  10|           6|           6|
    |icmp_ln489_4_fu_712_p2     |      icmp|   0|  0|  10|           7|           7|
    |icmp_ln489_5_fu_794_p2     |      icmp|   0|  0|  11|           8|           8|
    |icmp_ln489_6_fu_876_p2     |      icmp|   0|  0|  11|           9|           9|
    |icmp_ln489_7_fu_958_p2     |      icmp|   0|  0|  11|          10|          10|
    |icmp_ln489_8_fu_1024_p2    |      icmp|   0|  0|  11|          11|          11|
    |icmp_ln489_fu_394_p2       |      icmp|   0|  0|   8|           2|           1|
    |or_ln318_10_fu_2426_p2     |        or|   0|  0|   2|           1|           1|
    |or_ln318_11_fu_2664_p2     |        or|   0|  0|   2|           1|           1|
    |or_ln318_12_fu_2861_p2     |        or|   0|  0|   2|           1|           1|
    |or_ln318_13_fu_3058_p2     |        or|   0|  0|   2|           1|           1|
    |or_ln318_14_fu_3255_p2     |        or|   0|  0|   2|           1|           1|
    |or_ln318_15_fu_3452_p2     |        or|   0|  0|   2|           1|           1|
    |or_ln318_16_fu_3649_p2     |        or|   0|  0|   2|           1|           1|
    |or_ln318_17_fu_3839_p2     |        or|   0|  0|   2|           1|           1|
    |or_ln318_18_fu_4036_p2     |        or|   0|  0|   2|           1|           1|
    |or_ln318_19_fu_4233_p2     |        or|   0|  0|   2|           1|           1|
    |or_ln318_1_fu_1333_p2      |        or|   0|  0|   2|           1|           1|
    |or_ln318_20_fu_4430_p2     |        or|   0|  0|   2|           1|           1|
    |or_ln318_21_fu_4619_p2     |        or|   0|  0|   2|           1|           1|
    |or_ln318_22_fu_2565_p2     |        or|   0|  0|   2|           1|           1|
    |or_ln318_2_fu_1459_p2      |        or|   0|  0|   2|           1|           1|
    |or_ln318_3_fu_1585_p2      |        or|   0|  0|   2|           1|           1|
    |or_ln318_4_fu_1711_p2      |        or|   0|  0|   2|           1|           1|
    |or_ln318_5_fu_1837_p2      |        or|   0|  0|   2|           1|           1|
    |or_ln318_6_fu_1956_p2      |        or|   0|  0|   2|           1|           1|
    |or_ln318_7_fu_2080_p2      |        or|   0|  0|   2|           1|           1|
    |or_ln318_8_fu_2206_p2      |        or|   0|  0|   2|           1|           1|
    |or_ln318_9_fu_2321_p2      |        or|   0|  0|   2|           1|           1|
    |or_ln318_fu_1237_p2        |        or|   0|  0|   2|           1|           1|
    |or_ln339_1_fu_2881_p2      |        or|   0|  0|   2|           1|           1|
    |or_ln339_2_fu_3078_p2      |        or|   0|  0|   2|           1|           1|
    |or_ln339_3_fu_3275_p2      |        or|   0|  0|   2|           1|           1|
    |or_ln339_4_fu_3472_p2      |        or|   0|  0|   2|           1|           1|
    |or_ln339_5_fu_3661_p2      |        or|   0|  0|   2|           1|           1|
    |or_ln339_6_fu_3859_p2      |        or|   0|  0|   2|           1|           1|
    |or_ln339_7_fu_4056_p2      |        or|   0|  0|   2|           1|           1|
    |or_ln339_8_fu_4253_p2      |        or|   0|  0|   2|           1|           1|
    |or_ln339_9_fu_4450_p2      |        or|   0|  0|   2|           1|           1|
    |or_ln339_fu_2684_p2        |        or|   0|  0|   2|           1|           1|
    |ap_return                  |    select|   0|  0|  31|           1|           1|
    |p_Val2_35_fu_1276_p3       |    select|   0|  0|  22|           1|          23|
    |p_neg231_fu_2670_p3        |    select|   0|  0|   2|           1|           2|
    |p_neg232_fu_2867_p3        |    select|   0|  0|   2|           1|           2|
    |p_neg233_fu_3064_p3        |    select|   0|  0|   2|           1|           2|
    |p_neg234_fu_3261_p3        |    select|   0|  0|   2|           1|           2|
    |p_neg235_fu_3458_p3        |    select|   0|  0|   2|           1|           2|
    |p_neg236_fu_3742_p3        |    select|   0|  0|   2|           1|           2|
    |p_neg237_fu_3845_p3        |    select|   0|  0|   2|           1|           2|
    |p_neg238_fu_4042_p3        |    select|   0|  0|   2|           1|           2|
    |p_neg239_fu_4239_p3        |    select|   0|  0|   2|           1|           2|
    |p_neg240_fu_4436_p3        |    select|   0|  0|   2|           1|           2|
    |res_FH_V_43_fu_4665_p3     |    select|   0|  0|  22|           1|          23|
    |res_FH_V_45_fu_1268_p3     |    select|   0|  0|  24|           1|           1|
    |res_FH_V_46_fu_1393_p3     |    select|   0|  0|  22|           1|          23|
    |res_FH_V_47_fu_1519_p3     |    select|   0|  0|  22|           1|          23|
    |res_FH_V_48_fu_1645_p3     |    select|   0|  0|  22|           1|          23|
    |res_FH_V_49_fu_1771_p3     |    select|   0|  0|  22|           1|          23|
    |res_FH_V_50_fu_1904_p3     |    select|   0|  0|  22|           1|          23|
    |res_FH_V_51_fu_2015_p3     |    select|   0|  0|  22|           1|          23|
    |res_FH_V_52_fu_2266_p3     |    select|   0|  0|  22|           1|          23|
    |res_FH_V_53_fu_2369_p3     |    select|   0|  0|  22|           1|          23|
    |res_FH_V_54_fu_2474_p3     |    select|   0|  0|  22|           1|          23|
    |res_FH_V_55_fu_2591_p3     |    select|   0|  0|  22|           1|          23|
    |res_FH_V_56_fu_2780_p3     |    select|   0|  0|  22|           1|          23|
    |res_FH_V_57_fu_2977_p3     |    select|   0|  0|  22|           1|          23|
    |res_FH_V_58_fu_3174_p3     |    select|   0|  0|  22|           1|          23|
    |res_FH_V_59_fu_3371_p3     |    select|   0|  0|  22|           1|          23|
    |res_FH_V_60_fu_3568_p3     |    select|   0|  0|  22|           1|          23|
    |res_FH_V_61_fu_3768_p3     |    select|   0|  0|  22|           1|          23|
    |res_FH_V_62_fu_3955_p3     |    select|   0|  0|  22|           1|          23|
    |res_FH_V_63_fu_4152_p3     |    select|   0|  0|  22|           1|          23|
    |res_FH_V_64_fu_4349_p3     |    select|   0|  0|  22|           1|          23|
    |res_FH_V_65_fu_4546_p3     |    select|   0|  0|  22|           1|          23|
    |res_FH_V_fu_2140_p3        |    select|   0|  0|  22|           1|          23|
    |res_I_V_18_fu_426_p3       |    select|   0|  0|  10|           1|           1|
    |res_I_V_19_fu_508_p3       |    select|   0|  0|   9|           1|           9|
    |res_I_V_20_fu_590_p3       |    select|   0|  0|   9|           1|           9|
    |res_I_V_21_fu_672_p3       |    select|   0|  0|   9|           1|           9|
    |res_I_V_22_fu_754_p3       |    select|   0|  0|   9|           1|           9|
    |res_I_V_23_fu_836_p3       |    select|   0|  0|   9|           1|           9|
    |res_I_V_24_fu_918_p3       |    select|   0|  0|   9|           1|           9|
    |res_I_V_25_fu_1066_p3      |    select|   0|  0|   9|           1|           9|
    |res_I_V_26_fu_4702_p3      |    select|   0|  0|   9|           1|           9|
    |res_I_V_fu_1000_p3         |    select|   0|  0|   9|           1|           9|
    |x_l_FH_V_37_fu_1401_p3     |    select|   0|  0|  22|           1|          23|
    |x_l_FH_V_39_fu_1527_p3     |    select|   0|  0|  22|           1|          23|
    |x_l_FH_V_41_fu_1653_p3     |    select|   0|  0|  22|           1|          23|
    |x_l_FH_V_43_fu_1779_p3     |    select|   0|  0|  22|           1|          23|
    |x_l_FH_V_45_fu_1887_p3     |    select|   0|  0|  22|           1|          23|
    |x_l_FH_V_47_fu_2023_p3     |    select|   0|  0|  22|           1|          23|
    |x_l_FH_V_49_fu_2148_p3     |    select|   0|  0|  22|           1|          23|
    |x_l_FH_V_51_fu_2274_p3     |    select|   0|  0|  22|           1|          23|
    |x_l_FH_V_53_fu_2377_p3     |    select|   0|  0|  22|           1|          23|
    |x_l_FH_V_55_fu_2482_p3     |    select|   0|  0|  22|           1|          23|
    |x_l_FH_V_57_fu_2604_p3     |    select|   0|  0|  22|           1|          23|
    |x_l_FH_V_59_fu_2796_p3     |    select|   0|  0|  22|           1|          23|
    |x_l_FH_V_61_fu_2993_p3     |    select|   0|  0|  22|           1|          23|
    |x_l_FH_V_63_fu_3190_p3     |    select|   0|  0|  22|           1|          23|
    |x_l_FH_V_65_fu_3387_p3     |    select|   0|  0|  22|           1|          23|
    |x_l_FH_V_67_fu_3584_p3     |    select|   0|  0|  22|           1|          23|
    |x_l_FH_V_69_fu_3779_p3     |    select|   0|  0|  22|           1|          23|
    |x_l_FH_V_71_fu_3971_p3     |    select|   0|  0|  22|           1|          23|
    |x_l_FH_V_73_fu_4168_p3     |    select|   0|  0|  22|           1|          23|
    |x_l_FH_V_75_fu_4365_p3     |    select|   0|  0|  22|           1|          23|
    |x_l_FH_V_77_fu_4562_p3     |    select|   0|  0|  22|           1|          23|
    |x_l_FL_V_20_fu_4554_p3     |    select|   0|  0|  22|           1|          23|
    |x_l_FL_V_21_fu_2597_p3     |    select|   0|  0|  24|           1|          24|
    |x_l_FL_V_22_fu_2788_p3     |    select|   0|  0|  22|           1|          23|
    |x_l_FL_V_23_fu_2985_p3     |    select|   0|  0|  22|           1|          23|
    |x_l_FL_V_24_fu_3182_p3     |    select|   0|  0|  22|           1|          23|
    |x_l_FL_V_25_fu_3379_p3     |    select|   0|  0|  22|           1|          23|
    |x_l_FL_V_26_fu_3576_p3     |    select|   0|  0|  22|           1|          23|
    |x_l_FL_V_27_fu_3774_p3     |    select|   0|  0|  22|           1|          23|
    |x_l_FL_V_28_fu_3963_p3     |    select|   0|  0|  22|           1|          23|
    |x_l_FL_V_29_fu_4160_p3     |    select|   0|  0|  22|           1|          23|
    |x_l_FL_V_30_fu_4357_p3     |    select|   0|  0|  22|           1|          23|
    |x_l_I_V_100_fu_992_p3      |    select|   0|  0|  20|           1|          21|
    |x_l_I_V_101_fu_1058_p3     |    select|   0|  0|  20|           1|          21|
    |x_l_I_V_103_fu_1284_p3     |    select|   0|  0|  20|           1|          21|
    |x_l_I_V_105_fu_1409_p3     |    select|   0|  0|  20|           1|          21|
    |x_l_I_V_107_fu_1535_p3     |    select|   0|  0|  20|           1|          21|
    |x_l_I_V_109_fu_1661_p3     |    select|   0|  0|  20|           1|          21|
    |x_l_I_V_111_fu_1787_p3     |    select|   0|  0|  20|           1|          21|
    |x_l_I_V_113_fu_1910_p3     |    select|   0|  0|  20|           1|          21|
    |x_l_I_V_115_fu_2030_p3     |    select|   0|  0|  20|           1|          21|
    |x_l_I_V_117_fu_2156_p3     |    select|   0|  0|  20|           1|          21|
    |x_l_I_V_119_fu_2282_p3     |    select|   0|  0|  20|           1|          21|
    |x_l_I_V_120_fu_2333_p3     |    select|   0|  0|  20|           1|          21|
    |x_l_I_V_121_fu_2385_p3     |    select|   0|  0|  20|           1|          21|
    |x_l_I_V_122_fu_2438_p3     |    select|   0|  0|  20|           1|          21|
    |x_l_I_V_123_fu_2490_p3     |    select|   0|  0|  20|           1|          21|
    |x_l_I_V_124_fu_2576_p3     |    select|   0|  0|  20|           1|          21|
    |x_l_I_V_125_fu_2609_p3     |    select|   0|  0|  20|           1|          21|
    |x_l_I_V_126_fu_2714_p3     |    select|   0|  0|  20|           1|          21|
    |x_l_I_V_127_fu_2804_p3     |    select|   0|  0|  20|           1|          21|
    |x_l_I_V_128_fu_2911_p3     |    select|   0|  0|  20|           1|          21|
    |x_l_I_V_129_fu_3001_p3     |    select|   0|  0|  20|           1|          21|
    |x_l_I_V_130_fu_3108_p3     |    select|   0|  0|  20|           1|          21|
    |x_l_I_V_131_fu_3198_p3     |    select|   0|  0|  20|           1|          21|
    |x_l_I_V_132_fu_3305_p3     |    select|   0|  0|  20|           1|          21|
    |x_l_I_V_133_fu_3395_p3     |    select|   0|  0|  20|           1|          21|
    |x_l_I_V_134_fu_3502_p3     |    select|   0|  0|  20|           1|          21|
    |x_l_I_V_135_fu_3592_p3     |    select|   0|  0|  20|           1|          21|
    |x_l_I_V_136_fu_3691_p3     |    select|   0|  0|  20|           1|          21|
    |x_l_I_V_137_fu_3785_p3     |    select|   0|  0|  20|           1|          21|
    |x_l_I_V_138_fu_3889_p3     |    select|   0|  0|  20|           1|          21|
    |x_l_I_V_139_fu_3979_p3     |    select|   0|  0|  20|           1|          21|
    |x_l_I_V_140_fu_4086_p3     |    select|   0|  0|  20|           1|          21|
    |x_l_I_V_141_fu_4176_p3     |    select|   0|  0|  20|           1|          21|
    |x_l_I_V_142_fu_4283_p3     |    select|   0|  0|  20|           1|          21|
    |x_l_I_V_143_fu_4373_p3     |    select|   0|  0|  20|           1|          21|
    |x_l_I_V_144_fu_4480_p3     |    select|   0|  0|  20|           1|          21|
    |x_l_I_V_145_fu_4570_p3     |    select|   0|  0|  20|           1|          21|
    |x_l_I_V_20_fu_1241_p3      |    select|   0|  0|  20|           1|          21|
    |x_l_I_V_23_fu_1345_p3      |    select|   0|  0|  20|           1|          21|
    |x_l_I_V_27_fu_1471_p3      |    select|   0|  0|  20|           1|          21|
    |x_l_I_V_31_fu_1597_p3      |    select|   0|  0|  20|           1|          21|
    |x_l_I_V_35_fu_1723_p3      |    select|   0|  0|  20|           1|          21|
    |x_l_I_V_39_fu_1849_p3      |    select|   0|  0|  20|           1|          21|
    |x_l_I_V_43_fu_1968_p3      |    select|   0|  0|  20|           1|          21|
    |x_l_I_V_47_fu_2092_p3      |    select|   0|  0|  20|           1|          21|
    |x_l_I_V_51_fu_2218_p3      |    select|   0|  0|  20|           1|          21|
    |x_l_I_V_93_fu_418_p3       |    select|   0|  0|  20|           1|          21|
    |x_l_I_V_94_fu_500_p3       |    select|   0|  0|  20|           1|          21|
    |x_l_I_V_95_fu_582_p3       |    select|   0|  0|  20|           1|          21|
    |x_l_I_V_96_fu_664_p3       |    select|   0|  0|  20|           1|          21|
    |x_l_I_V_97_fu_746_p3       |    select|   0|  0|  20|           1|          21|
    |x_l_I_V_98_fu_828_p3       |    select|   0|  0|  20|           1|          21|
    |x_l_I_V_99_fu_910_p3       |    select|   0|  0|  20|           1|          21|
    |xor_ln1494_10_fu_2959_p2   |       xor|   0|  0|   2|           1|           2|
    |xor_ln1494_11_fu_3156_p2   |       xor|   0|  0|   2|           1|           2|
    |xor_ln1494_12_fu_3353_p2   |       xor|   0|  0|   2|           1|           2|
    |xor_ln1494_13_fu_3550_p2   |       xor|   0|  0|   2|           1|           2|
    |xor_ln1494_14_fu_3717_p2   |       xor|   0|  0|   2|           1|           2|
    |xor_ln1494_15_fu_3937_p2   |       xor|   0|  0|   2|           1|           2|
    |xor_ln1494_16_fu_4134_p2   |       xor|   0|  0|   2|           1|           2|
    |xor_ln1494_17_fu_4331_p2   |       xor|   0|  0|   2|           1|           2|
    |xor_ln1494_18_fu_4528_p2   |       xor|   0|  0|   2|           1|           2|
    |xor_ln1494_19_fu_4647_p2   |       xor|   0|  0|   2|           1|           2|
    |xor_ln1494_1_fu_1381_p2    |       xor|   0|  0|   2|           1|           2|
    |xor_ln1494_2_fu_1507_p2    |       xor|   0|  0|   2|           1|           2|
    |xor_ln1494_3_fu_1633_p2    |       xor|   0|  0|   2|           1|           2|
    |xor_ln1494_4_fu_1759_p2    |       xor|   0|  0|   2|           1|           2|
    |xor_ln1494_5_fu_1875_p2    |       xor|   0|  0|   2|           1|           2|
    |xor_ln1494_6_fu_2003_p2    |       xor|   0|  0|   2|           1|           2|
    |xor_ln1494_7_fu_2128_p2    |       xor|   0|  0|   2|           1|           2|
    |xor_ln1494_8_fu_2254_p2    |       xor|   0|  0|   2|           1|           2|
    |xor_ln1494_9_fu_2762_p2    |       xor|   0|  0|   2|           1|           2|
    |xor_ln1494_fu_1257_p2      |       xor|   0|  0|   2|           1|           2|
    |xor_ln1495_1_fu_2899_p2    |       xor|   0|  0|   2|           1|           2|
    |xor_ln1495_2_fu_3096_p2    |       xor|   0|  0|   2|           1|           2|
    |xor_ln1495_3_fu_3293_p2    |       xor|   0|  0|   2|           1|           2|
    |xor_ln1495_4_fu_3490_p2    |       xor|   0|  0|   2|           1|           2|
    |xor_ln1495_5_fu_3679_p2    |       xor|   0|  0|   2|           1|           2|
    |xor_ln1495_6_fu_3877_p2    |       xor|   0|  0|   2|           1|           2|
    |xor_ln1495_7_fu_4074_p2    |       xor|   0|  0|   2|           1|           2|
    |xor_ln1495_8_fu_4271_p2    |       xor|   0|  0|   2|           1|           2|
    |xor_ln1495_9_fu_4468_p2    |       xor|   0|  0|   2|           1|           2|
    |xor_ln1495_fu_2702_p2      |       xor|   0|  0|   2|           1|           2|
    |xor_ln331_fu_2571_p2       |       xor|   0|  0|   2|           1|           2|
    |xor_ln339_1_fu_2875_p2     |       xor|   0|  0|   2|           1|           2|
    |xor_ln339_2_fu_3072_p2     |       xor|   0|  0|   2|           1|           2|
    |xor_ln339_3_fu_3269_p2     |       xor|   0|  0|   2|           1|           2|
    |xor_ln339_4_fu_3466_p2     |       xor|   0|  0|   2|           1|           2|
    |xor_ln339_5_fu_3655_p2     |       xor|   0|  0|   2|           1|           2|
    |xor_ln339_6_fu_3853_p2     |       xor|   0|  0|   2|           1|           2|
    |xor_ln339_7_fu_4050_p2     |       xor|   0|  0|   2|           1|           2|
    |xor_ln339_8_fu_4247_p2     |       xor|   0|  0|   2|           1|           2|
    |xor_ln339_9_fu_4444_p2     |       xor|   0|  0|   2|           1|           2|
    |xor_ln339_fu_2678_p2       |       xor|   0|  0|   2|           1|           2|
    |xor_ln703_fu_2553_p2       |       xor|   0|  0|  23|          23|           2|
    +---------------------------+----------+----+---+----+------------+------------+
    |Total                      |          |   0|  0|6392|        4071|        5630|
    +---------------------------+----------+----+---+----+------------+------------+

    * Multiplexer: 
    N/A

    * Register: 
    +--------------------------------------+----+----+-----+-----------+
    |                 Name                 | FF | LUT| Bits| Const Bits|
    +--------------------------------------+----+----+-----+-----------+
    |and_ln318_23_reg_4988                 |   1|   0|    1|          0|
    |and_ln318_6_reg_4893                  |   1|   0|    1|          0|
    |delta_V_5_reg_4973                    |   1|   0|    1|          0|
    |icmp_ln1494_reg_4792                  |   1|   0|    1|          0|
    |icmp_ln318_1_reg_4781                 |   1|   0|    1|          0|
    |icmp_ln318_reg_4776                   |   1|   0|    1|          0|
    |icmp_ln331_reg_4923                   |   1|   0|    1|          0|
    |mul_FH_V_16_reg_4968                  |  15|   0|   23|          8|
    |or_ln318_22_reg_4938                  |   1|   0|    1|          0|
    |res_FH_V_49_reg_4877                  |  23|   0|   23|          0|
    |res_FH_V_54_reg_4906                  |  23|   0|   23|          0|
    |res_FH_V_60_reg_4946                  |  23|   0|   23|          0|
    |res_I_V_25_reg_4751                   |   9|   0|    9|          0|
    |tmp_18_reg_4802                       |   8|   0|    8|          0|
    |tmp_19_reg_4812                       |   7|   0|    7|          0|
    |tmp_20_reg_4822                       |   6|   0|    6|          0|
    |tmp_21_reg_4832                       |   5|   0|    5|          0|
    |tmp_22_reg_4842                       |   4|   0|    4|          0|
    |tmp_23_reg_4852                       |   3|   0|    3|          0|
    |tmp_23_reg_4852_pp0_iter1_reg         |   3|   0|    3|          0|
    |tmp_24_reg_4862                       |   2|   0|    2|          0|
    |tmp_24_reg_4862_pp0_iter1_reg         |   2|   0|    2|          0|
    |tmp_55_reg_4872                       |   1|   0|    1|          0|
    |tmp_55_reg_4872_pp0_iter1_reg         |   1|   0|    1|          0|
    |trunc_ln104_1_reg_4807                |   2|   0|    2|          0|
    |trunc_ln104_2_reg_4817                |   3|   0|    3|          0|
    |trunc_ln104_3_reg_4827                |   4|   0|    4|          0|
    |trunc_ln104_4_reg_4837                |   5|   0|    5|          0|
    |trunc_ln104_5_reg_4847                |   6|   0|    6|          0|
    |trunc_ln104_5_reg_4847_pp0_iter1_reg  |   6|   0|    6|          0|
    |trunc_ln104_6_reg_4857                |   7|   0|    7|          0|
    |trunc_ln104_6_reg_4857_pp0_iter1_reg  |   7|   0|    7|          0|
    |trunc_ln104_7_reg_4867                |   8|   0|    8|          0|
    |trunc_ln104_7_reg_4867_pp0_iter1_reg  |   8|   0|    8|          0|
    |trunc_ln104_reg_4797                  |   1|   0|    1|          0|
    |trunc_ln731_reg_4740                  |  22|   0|   22|          0|
    |x_int_reg                             |  40|   0|   40|          0|
    |x_l_FH_V_45_reg_4899                  |  22|   0|   23|          1|
    |x_l_FH_V_55_reg_4912                  |  22|   0|   23|          1|
    |x_l_FH_V_56_reg_4933                  |  23|   0|   23|          0|
    |x_l_FH_V_67_reg_4957                  |  23|   0|   23|          0|
    |x_l_FL_V_11_reg_4983                  |  12|   0|   23|         11|
    |x_l_FL_V_26_reg_4952                  |  11|   0|   23|         12|
    |x_l_I_V_101_reg_4745                  |  21|   0|   21|          0|
    |x_l_I_V_111_reg_4883                  |  21|   0|   21|          0|
    |x_l_I_V_112_reg_4888                  |  21|   0|   21|          0|
    |x_l_I_V_123_reg_4917                  |  21|   0|   21|          0|
    |x_l_I_V_135_reg_4963                  |  21|   0|   21|          0|
    |x_l_I_V_136_reg_4978                  |  21|   0|   21|          0|
    |x_l_I_V_19_reg_4787                   |  21|   0|   21|          0|
    |x_l_I_V_60_reg_4928                   |  21|   0|   21|          0|
    |x_read_reg_4735                       |  40|   0|   40|          0|
    |zext_ln1494_reg_4771                  |   9|   0|   21|         12|
    |res_I_V_25_reg_4751                   |  64|  32|    9|          0|
    |x_read_reg_4735                       |  64|  32|   40|          0|
    +--------------------------------------+----+----+-----+-----------+
    |Total                                 | 720|  64|  686|         45|
    +--------------------------------------+----+----+-----+-----------+



================================================================
== Interface
================================================================
* Summary: 
+-----------+-----+-----+------------+--------------------+--------------+
| RTL Ports | Dir | Bits|  Protocol  |    Source Object   |    C Type    |
+-----------+-----+-----+------------+--------------------+--------------+
|ap_clk     |   in|    1|  ap_ctrl_hs|  sqrt_fixed<40, 18>|  return value|
|ap_rst     |   in|    1|  ap_ctrl_hs|  sqrt_fixed<40, 18>|  return value|
|ap_return  |  out|   31|  ap_ctrl_hs|  sqrt_fixed<40, 18>|  return value|
|x          |   in|   40|     ap_none|                   x|        scalar|
+-----------+-----+-----+------------+--------------------+--------------+

