

================================================================
== Vitis HLS Report for 'compute_threshold'
================================================================
* Date:           Thu Jun  2 15:25:26 2022

* Version:        2020.2 (Build 3064766 on Wed Nov 18 09:12:47 MST 2020)
* Project:        hls
* Solution:       solution1 (Vivado IP Flow Target)
* Product family: zynquplus
* Target device:  xczu28dr-ffvg1517-2-e


================================================================
== Performance Estimates
================================================================
+ Timing: 
    * Summary: 
    +--------+----------+----------+------------+
    |  Clock |  Target  | Estimated| Uncertainty|
    +--------+----------+----------+------------+
    |ap_clk  |  16.30 ns|  6.080 ns|     4.40 ns|
    +--------+----------+----------+------------+

+ Latency: 
    * Summary: 
    +---------+---------+----------+----------+-----+-----+---------+
    |  Latency (cycles) |  Latency (absolute) |  Interval | Pipeline|
    |   min   |   max   |    min   |    max   | min | max |   Type  |
    +---------+---------+----------+----------+-----+-----+---------+
    |      132|      261|  2.152 us|  4.254 us|  132|  261|     none|
    +---------+---------+----------+----------+-----+-----+---------+

    + Detail: 
        * Instance: 
        N/A

        * Loop: 
        +-------------------+---------+---------+----------+-----------+-----------+------+----------+
        |                   |  Latency (cycles) | Iteration|  Initiation Interval  | Trip |          |
        |     Loop Name     |   min   |   max   |  Latency |  achieved |   target  | Count| Pipelined|
        +-------------------+---------+---------+----------+-----------+-----------+------+----------+
        |- VITIS_LOOP_41_1  |      128|      128|         1|          1|          1|   128|       yes|
        |- VITIS_LOOP_55_2  |      127|      127|         2|          1|          1|   127|       yes|
        +-------------------+---------+---------+----------+-----------+-----------+------+----------+

============================================================
+ Verbose Summary: Synthesis Manager
============================================================
InlineROM: 1
ExposeGlobal: 0
============================================================
+ Verbose Summary: CDFG Model
============================================================
IsTopModel: 0
ResetActiveHigh: 1
IsCombinational: 2
IsDatapathOnly: 0
HasWiredReturn: 1
HasMFsm: 0
HasVarLatency: 1
IsPipeline: 0
IsRtlPipelined: 0
IsInstanceOverlapped: 0
IsDontTouch: 0
HasImplIP: 0
IsGatedGlobalClock: 0

+ Individual pipeline summary: 
  * Pipeline-0: initiation interval (II) = 1, depth = 1
  * Pipeline-1: initiation interval (II) = 1, depth = 2


============================================================
+ Verbose Summary: Schedule
============================================================
* Number of FSM states : 8
* Pipeline : 2
  Pipeline-0 : II = 1, D = 1, States = { 3 }
  Pipeline-1 : II = 1, D = 2, States = { 6 7 }
* Dataflow Pipeline: 0

* FSM state transitions: 
1 --> 2 
2 --> 4 3 
3 --> 4 3 
4 --> 5 
5 --> 6 
6 --> 8 7 
7 --> 6 
8 --> 

* FSM state operations: 

State 1 <SV = 0> <Delay = 3.67>
ST_1 : Operation 9 [1/1] (1.83ns)   --->   "%trunc_ln264_read = read i17 @_ssdm_op_Read.ap_fifo.i17P0A, i17 %trunc_ln264" [lte_cell_search.cpp:260]   --->   Operation 9 'read' 'trunc_ln264_read' <Predicate = true> <Delay = 1.83> <CoreInst = "FIFO_SRL">   --->   Core 81 'FIFO_SRL' <Latency = 0> <II = 1> <Delay = 1.83> <Storage> <Opcode : 'read' 'write' 'nbread' 'nbwrite'> <Ports = 0> <Width = 17> <Depth = 2> <FIFO>
ST_1 : Operation 10 [1/1] (1.83ns)   --->   "%write_ln259 = write void @_ssdm_op_Write.ap_fifo.i17P0A, i17 %trunc_ln264_out, i17 %trunc_ln264_read" [lte_cell_search.cpp:259]   --->   Operation 10 'write' 'write_ln259' <Predicate = true> <Delay = 1.83> <CoreInst = "FIFO_SRL">   --->   Core 81 'FIFO_SRL' <Latency = 0> <II = 1> <Delay = 1.83> <Storage> <Opcode : 'read' 'write' 'nbread' 'nbwrite'> <Ports = 0> <Width = 17> <Depth = 2> <FIFO>
ST_1 : Operation 11 [1/1] (0.00ns)   --->   "%zext_ln256 = zext i17 %trunc_ln264_read" [lte_cell_search.cpp:256->lte_cell_search.cpp:259]   --->   Operation 11 'zext' 'zext_ln256' <Predicate = true> <Delay = 0.00>
ST_1 : Operation 12 [1/1] (0.00ns)   --->   "%IN_real_V_addr = getelementptr i23 %IN_real_V, i64 0, i64 %zext_ln256" [lte_cell_search.cpp:262->lte_cell_search.cpp:259]   --->   Operation 12 'getelementptr' 'IN_real_V_addr' <Predicate = true> <Delay = 0.00>
ST_1 : Operation 13 [2/2] (1.23ns)   --->   "%IN_real_V_load = load i17 %IN_real_V_addr" [lte_cell_search.cpp:262->lte_cell_search.cpp:259]   --->   Operation 13 'load' 'IN_real_V_load' <Predicate = true> <Delay = 1.23> <CoreInst = "RAM">   --->   Core 83 'RAM' <Latency = 1> <II = 1> <Delay = 1.23> <Storage> <Opcode : 'load' 'store'> <Ports = 2> <Width = 23> <Depth = 96000> <RAM>
ST_1 : Operation 14 [1/1] (0.00ns)   --->   "%IN_imag_V_addr = getelementptr i23 %IN_imag_V, i64 0, i64 %zext_ln256" [lte_cell_search.cpp:262->lte_cell_search.cpp:259]   --->   Operation 14 'getelementptr' 'IN_imag_V_addr' <Predicate = true> <Delay = 0.00>
ST_1 : Operation 15 [2/2] (1.23ns)   --->   "%IN_imag_V_load = load i17 %IN_imag_V_addr" [lte_cell_search.cpp:262->lte_cell_search.cpp:259]   --->   Operation 15 'load' 'IN_imag_V_load' <Predicate = true> <Delay = 1.23> <CoreInst = "RAM">   --->   Core 83 'RAM' <Latency = 1> <II = 1> <Delay = 1.23> <Storage> <Opcode : 'load' 'store'> <Ports = 2> <Width = 23> <Depth = 96000> <RAM>
ST_1 : Operation 16 [1/1] (1.09ns)   --->   "%run = icmp_eq  i17 %trunc_ln264_read, i17 0" [lte_cell_search.cpp:260->lte_cell_search.cpp:259]   --->   Operation 16 'icmp' 'run' <Predicate = true> <Delay = 1.09> <CoreInst = "Cmp">   --->   Core 9 'Cmp' <Latency = 0> <II = 1> <Delay = 0.99> <FuncUnit> <Opcode : 'icmp'> <InPorts = 2> <OutPorts = 1>

State 2 <SV = 1> <Delay = 1.23>
ST_2 : Operation 17 [1/1] (0.00ns)   --->   "%specshared_ln0 = specshared void @_ssdm_op_SpecShared, i23 %IN_real_V, void @p_str"   --->   Operation 17 'specshared' 'specshared_ln0' <Predicate = true> <Delay = 0.00>
ST_2 : Operation 18 [1/1] (0.00ns)   --->   "%specshared_ln0 = specshared void @_ssdm_op_SpecShared, i23 %IN_imag_V, void @p_str"   --->   Operation 18 'specshared' 'specshared_ln0' <Predicate = true> <Delay = 0.00>
ST_2 : Operation 19 [1/1] (0.00ns)   --->   "%specbindport_ln0 = specbindport void @_ssdm_op_SpecBindPort, i23 %IN_imag_V, i32 0, void @p_str"   --->   Operation 19 'specbindport' 'specbindport_ln0' <Predicate = true> <Delay = 0.00>
ST_2 : Operation 20 [1/1] (0.00ns)   --->   "%specbindport_ln0 = specbindport void @_ssdm_op_SpecBindPort, i23 %IN_real_V, i32 0, void @p_str"   --->   Operation 20 'specbindport' 'specbindport_ln0' <Predicate = true> <Delay = 0.00>
ST_2 : Operation 21 [1/1] (0.00ns)   --->   "%specinterface_ln0 = specinterface void @_ssdm_op_SpecInterface, i17 %trunc_ln264, void @ap_fifo_str, i32 0, i32 0, void @p_str, i32 0, i32 0, void @p_str, void @p_str, void @p_str, i32 2, i32 2, i32 16, i32 16, void @p_str, void @ScalarProp_str"   --->   Operation 21 'specinterface' 'specinterface_ln0' <Predicate = true> <Delay = 0.00>
ST_2 : Operation 22 [1/1] (0.00ns)   --->   "%specinterface_ln0 = specinterface void @_ssdm_op_SpecInterface, i17 %trunc_ln264_out, void @ap_fifo_str, i32 0, i32 0, void @p_str, i32 0, i32 0, void @p_str, void @p_str, void @p_str, i32 2, i32 2, i32 16, i32 16, void @p_str, void @ScalarProp_str"   --->   Operation 22 'specinterface' 'specinterface_ln0' <Predicate = true> <Delay = 0.00>
ST_2 : Operation 23 [1/2] (1.23ns)   --->   "%IN_real_V_load = load i17 %IN_real_V_addr" [lte_cell_search.cpp:262->lte_cell_search.cpp:259]   --->   Operation 23 'load' 'IN_real_V_load' <Predicate = true> <Delay = 1.23> <CoreInst = "RAM">   --->   Core 83 'RAM' <Latency = 1> <II = 1> <Delay = 1.23> <Storage> <Opcode : 'load' 'store'> <Ports = 2> <Width = 23> <Depth = 96000> <RAM>
ST_2 : Operation 24 [1/2] (1.23ns)   --->   "%IN_imag_V_load = load i17 %IN_imag_V_addr" [lte_cell_search.cpp:262->lte_cell_search.cpp:259]   --->   Operation 24 'load' 'IN_imag_V_load' <Predicate = true> <Delay = 1.23> <CoreInst = "RAM">   --->   Core 83 'RAM' <Latency = 1> <II = 1> <Delay = 1.23> <Storage> <Opcode : 'load' 'store'> <Ports = 2> <Width = 23> <Depth = 96000> <RAM>
ST_2 : Operation 25 [1/1] (0.00ns)   --->   "%sum_mag_V_load = load i32 %sum_mag_V" [lte_cell_search.cpp:259]   --->   Operation 25 'load' 'sum_mag_V_load' <Predicate = true> <Delay = 0.00>
ST_2 : Operation 26 [1/1] (0.42ns)   --->   "%br_ln38 = br i1 %run, void %ap_fixed_base.exit73.i.i, void %_ZN8ap_fixedILi32ELi12EL9ap_q_mode5EL9ap_o_mode3ELi0EEC2Ei.exit18.i.i.preheader" [lte_cell_search.cpp:38->lte_cell_search.cpp:262->lte_cell_search.cpp:259]   --->   Operation 26 'br' 'br_ln38' <Predicate = true> <Delay = 0.42>
ST_2 : Operation 27 [1/1] (0.42ns)   --->   "%br_ln259 = br void %_ZN8ap_fixedILi32ELi12EL9ap_q_mode5EL9ap_o_mode3ELi0EEC2Ei.exit18.i.i" [lte_cell_search.cpp:259]   --->   Operation 27 'br' 'br_ln259' <Predicate = (run)> <Delay = 0.42>

State 3 <SV = 2> <Delay = 2.08>
ST_3 : Operation 28 [1/1] (0.00ns)   --->   "%i_V = phi i8 %i_V_2, void %.split33.i.i, i8 0, void %_ZN8ap_fixedILi32ELi12EL9ap_q_mode5EL9ap_o_mode3ELi0EEC2Ei.exit18.i.i.preheader"   --->   Operation 28 'phi' 'i_V' <Predicate = true> <Delay = 0.00>
ST_3 : Operation 29 [1/1] (0.76ns)   --->   "%i_V_2 = add i8 %i_V, i8 1" [lte_cell_search.cpp:259]   --->   Operation 29 'add' 'i_V_2' <Predicate = true> <Delay = 0.76> <CoreInst = "Adder">   --->   Core 1 'Adder' <Latency = 0> <II = 1> <Delay = 1.07> <FuncUnit> <Opcode : 'add' 'sub'> <InPorts = 2> <OutPorts = 1>
ST_3 : Operation 30 [1/1] (0.84ns)   --->   "%icmp_ln878 = icmp_eq  i8 %i_V, i8 128" [lte_cell_search.cpp:259]   --->   Operation 30 'icmp' 'icmp_ln878' <Predicate = true> <Delay = 0.84> <CoreInst = "Cmp">   --->   Core 9 'Cmp' <Latency = 0> <II = 1> <Delay = 0.99> <FuncUnit> <Opcode : 'icmp'> <InPorts = 2> <OutPorts = 1>
ST_3 : Operation 31 [1/1] (0.00ns)   --->   "%empty = speclooptripcount i32 @_ssdm_op_SpecLoopTripCount, i64 128, i64 128, i64 128"   --->   Operation 31 'speclooptripcount' 'empty' <Predicate = true> <Delay = 0.00>
ST_3 : Operation 32 [1/1] (0.00ns)   --->   "%br_ln41 = br i1 %icmp_ln878, void %.split3.i.i, void %ap_fixed_base.exit73.i.i.loopexit" [lte_cell_search.cpp:41->lte_cell_search.cpp:262->lte_cell_search.cpp:259]   --->   Operation 32 'br' 'br_ln41' <Predicate = true> <Delay = 0.00>
ST_3 : Operation 33 [1/1] (0.00ns)   --->   "%specpipeline_ln259 = specpipeline void @_ssdm_op_SpecPipeline, i32 1, i32 0, i32 0, i32 0, void @empty_12" [lte_cell_search.cpp:259]   --->   Operation 33 'specpipeline' 'specpipeline_ln259' <Predicate = (!icmp_ln878)> <Delay = 0.00>
ST_3 : Operation 34 [1/1] (0.00ns)   --->   "%specloopname_ln259 = specloopname void @_ssdm_op_SpecLoopName, void @empty_9" [lte_cell_search.cpp:259]   --->   Operation 34 'specloopname' 'specloopname_ln259' <Predicate = (!icmp_ln878)> <Delay = 0.00>
ST_3 : Operation 35 [1/1] (0.00ns)   --->   "%trunc_ln44 = trunc i8 %i_V" [lte_cell_search.cpp:44->lte_cell_search.cpp:262->lte_cell_search.cpp:259]   --->   Operation 35 'trunc' 'trunc_ln44' <Predicate = (!icmp_ln878)> <Delay = 0.00>
ST_3 : Operation 36 [1/1] (0.00ns)   --->   "%zext_ln44 = zext i6 %trunc_ln44" [lte_cell_search.cpp:44->lte_cell_search.cpp:262->lte_cell_search.cpp:259]   --->   Operation 36 'zext' 'zext_ln44' <Predicate = (!icmp_ln878)> <Delay = 0.00>
ST_3 : Operation 37 [1/1] (0.00ns)   --->   "%mag_buff_V_0_addr = getelementptr i32 %mag_buff_V_0, i64 0, i64 %zext_ln44" [lte_cell_search.cpp:44->lte_cell_search.cpp:262->lte_cell_search.cpp:259]   --->   Operation 37 'getelementptr' 'mag_buff_V_0_addr' <Predicate = (!icmp_ln878)> <Delay = 0.00>
ST_3 : Operation 38 [1/1] (0.00ns)   --->   "%mag_buff_V_1_addr = getelementptr i32 %mag_buff_V_1, i64 0, i64 %zext_ln44" [lte_cell_search.cpp:44->lte_cell_search.cpp:262->lte_cell_search.cpp:259]   --->   Operation 38 'getelementptr' 'mag_buff_V_1_addr' <Predicate = (!icmp_ln878)> <Delay = 0.00>
ST_3 : Operation 39 [1/1] (0.00ns)   --->   "%tmp = partselect i2 @_ssdm_op_PartSelect.i2.i8.i32.i32, i8 %i_V, i32 6, i32 7" [lte_cell_search.cpp:44->lte_cell_search.cpp:262->lte_cell_search.cpp:259]   --->   Operation 39 'partselect' 'tmp' <Predicate = (!icmp_ln878)> <Delay = 0.00>
ST_3 : Operation 40 [1/1] (0.44ns)   --->   "%icmp_ln44 = icmp_eq  i2 %tmp, i2 0" [lte_cell_search.cpp:44->lte_cell_search.cpp:262->lte_cell_search.cpp:259]   --->   Operation 40 'icmp' 'icmp_ln44' <Predicate = (!icmp_ln878)> <Delay = 0.44> <CoreInst = "Cmp">   --->   Core 9 'Cmp' <Latency = 0> <II = 1> <Delay = 0.99> <FuncUnit> <Opcode : 'icmp'> <InPorts = 2> <OutPorts = 1>
ST_3 : Operation 41 [1/1] (0.00ns)   --->   "%br_ln44 = br i1 %icmp_ln44, void %branch1.i.i, void %branch0.i.i" [lte_cell_search.cpp:44->lte_cell_search.cpp:262->lte_cell_search.cpp:259]   --->   Operation 41 'br' 'br_ln44' <Predicate = (!icmp_ln878)> <Delay = 0.00>
ST_3 : Operation 42 [1/1] (1.23ns)   --->   "%store_ln44 = store i32 0, i6 %mag_buff_V_1_addr" [lte_cell_search.cpp:44->lte_cell_search.cpp:262->lte_cell_search.cpp:259]   --->   Operation 42 'store' 'store_ln44' <Predicate = (!icmp_ln878 & !icmp_ln44)> <Delay = 1.23> <CoreInst = "RAM">   --->   Core 83 'RAM' <Latency = 1> <II = 1> <Delay = 1.23> <Storage> <Opcode : 'load' 'store'> <Ports = 2> <Width = 32> <Depth = 64> <RAM>
ST_3 : Operation 43 [1/1] (0.00ns)   --->   "%br_ln44 = br void %.split33.i.i" [lte_cell_search.cpp:44->lte_cell_search.cpp:262->lte_cell_search.cpp:259]   --->   Operation 43 'br' 'br_ln44' <Predicate = (!icmp_ln878 & !icmp_ln44)> <Delay = 0.00>
ST_3 : Operation 44 [1/1] (1.23ns)   --->   "%store_ln44 = store i32 0, i6 %mag_buff_V_0_addr" [lte_cell_search.cpp:44->lte_cell_search.cpp:262->lte_cell_search.cpp:259]   --->   Operation 44 'store' 'store_ln44' <Predicate = (!icmp_ln878 & icmp_ln44)> <Delay = 1.23> <CoreInst = "RAM">   --->   Core 83 'RAM' <Latency = 1> <II = 1> <Delay = 1.23> <Storage> <Opcode : 'load' 'store'> <Ports = 2> <Width = 32> <Depth = 64> <RAM>
ST_3 : Operation 45 [1/1] (0.00ns)   --->   "%br_ln44 = br void %.split33.i.i" [lte_cell_search.cpp:44->lte_cell_search.cpp:262->lte_cell_search.cpp:259]   --->   Operation 45 'br' 'br_ln44' <Predicate = (!icmp_ln878 & icmp_ln44)> <Delay = 0.00>
ST_3 : Operation 46 [1/1] (0.00ns)   --->   "%br_ln0 = br void %_ZN8ap_fixedILi32ELi12EL9ap_q_mode5EL9ap_o_mode3ELi0EEC2Ei.exit18.i.i"   --->   Operation 46 'br' 'br_ln0' <Predicate = (!icmp_ln878)> <Delay = 0.00>

State 4 <SV = 3> <Delay = 1.23>
ST_4 : Operation 47 [1/1] (0.42ns)   --->   "%br_ln0 = br void %ap_fixed_base.exit73.i.i"   --->   Operation 47 'br' 'br_ln0' <Predicate = (run)> <Delay = 0.42>
ST_4 : Operation 48 [2/2] (1.23ns)   --->   "%mag_buff_V_1_load = load i32 63" [lte_cell_search.cpp:259]   --->   Operation 48 'load' 'mag_buff_V_1_load' <Predicate = true> <Delay = 1.23> <CoreInst = "RAM">   --->   Core 83 'RAM' <Latency = 1> <II = 1> <Delay = 1.23> <Storage> <Opcode : 'load' 'store'> <Ports = 2> <Width = 32> <Depth = 64> <RAM>

State 5 <SV = 4> <Delay = 5.66>
ST_5 : Operation 49 [1/1] (0.00ns)   --->   "%sum_mag_V_loc_0_i_i = phi i32 %sum_mag_V_load, void %entry, i32 0, void %ap_fixed_base.exit73.i.i.loopexit" [lte_cell_search.cpp:259]   --->   Operation 49 'phi' 'sum_mag_V_loc_0_i_i' <Predicate = true> <Delay = 0.00>
ST_5 : Operation 50 [1/1] (0.00ns)   --->   "%sext_ln1118 = sext i23 %IN_real_V_load" [lte_cell_search.cpp:259]   --->   Operation 50 'sext' 'sext_ln1118' <Predicate = true> <Delay = 0.00>
ST_5 : Operation 51 [1/1] (2.83ns)   --->   "%r_V = mul i43 %sext_ln1118, i43 501848" [lte_cell_search.cpp:259]   --->   Operation 51 'mul' 'r_V' <Predicate = true> <Delay = 2.83> <CoreInst = "Multiplier">   --->   Core 3 'Multiplier' <Latency = 0> <II = 1> <Delay = 2.83> <FuncUnit> <Opcode : 'mul'> <InPorts = 2> <OutPorts = 1>
ST_5 : Operation 52 [1/1] (0.00ns)   --->   "%trunc_ln7 = partselect i23 @_ssdm_op_PartSelect.i23.i43.i32.i32, i43 %r_V, i32 20, i32 42" [lte_cell_search.cpp:259]   --->   Operation 52 'partselect' 'trunc_ln7' <Predicate = true> <Delay = 0.00>
ST_5 : Operation 53 [1/1] (0.00ns)   --->   "%sext_ln1118_1 = sext i23 %IN_imag_V_load" [lte_cell_search.cpp:259]   --->   Operation 53 'sext' 'sext_ln1118_1' <Predicate = true> <Delay = 0.00>
ST_5 : Operation 54 [1/1] (2.83ns)   --->   "%r_V_9 = mul i43 %sext_ln1118_1, i43 501848" [lte_cell_search.cpp:259]   --->   Operation 54 'mul' 'r_V_9' <Predicate = true> <Delay = 2.83> <CoreInst = "Multiplier">   --->   Core 3 'Multiplier' <Latency = 0> <II = 1> <Delay = 2.83> <FuncUnit> <Opcode : 'mul'> <InPorts = 2> <OutPorts = 1>
ST_5 : Operation 55 [1/1] (0.00ns)   --->   "%trunc_ln708_s = partselect i23 @_ssdm_op_PartSelect.i23.i43.i32.i32, i43 %r_V_9, i32 20, i32 42" [lte_cell_search.cpp:259]   --->   Operation 55 'partselect' 'trunc_ln708_s' <Predicate = true> <Delay = 0.00>
ST_5 : Operation 56 [1/1] (0.00ns)   --->   "%sext_ln1118_2 = sext i23 %trunc_ln708_s" [lte_cell_search.cpp:259]   --->   Operation 56 'sext' 'sext_ln1118_2' <Predicate = true> <Delay = 0.00>
ST_5 : Operation 57 [1/1] (2.83ns)   --->   "%r_V_10 = mul i46 %sext_ln1118_2, i46 %sext_ln1118_2" [lte_cell_search.cpp:259]   --->   Operation 57 'mul' 'r_V_10' <Predicate = true> <Delay = 2.83> <CoreInst = "Multiplier">   --->   Core 3 'Multiplier' <Latency = 0> <II = 1> <Delay = 2.83> <FuncUnit> <Opcode : 'mul'> <InPorts = 2> <OutPorts = 1>
ST_5 : Operation 58 [1/1] (0.00ns)   --->   "%sext_ln1115 = sext i46 %r_V_10" [lte_cell_search.cpp:259]   --->   Operation 58 'sext' 'sext_ln1115' <Predicate = true> <Delay = 0.00>
ST_5 : Operation 59 [1/2] (1.23ns)   --->   "%mag_buff_V_1_load = load i32 63" [lte_cell_search.cpp:259]   --->   Operation 59 'load' 'mag_buff_V_1_load' <Predicate = true> <Delay = 1.23> <CoreInst = "RAM">   --->   Core 83 'RAM' <Latency = 1> <II = 1> <Delay = 1.23> <Storage> <Opcode : 'load' 'store'> <Ports = 2> <Width = 32> <Depth = 64> <RAM>
ST_5 : Operation 60 [1/1] (0.42ns)   --->   "%br_ln55 = br void" [lte_cell_search.cpp:55->lte_cell_search.cpp:262->lte_cell_search.cpp:259]   --->   Operation 60 'br' 'br_ln55' <Predicate = true> <Delay = 0.42>

State 6 <SV = 5> <Delay = 2.01>
ST_6 : Operation 61 [1/1] (0.00ns)   --->   "%i_V_5 = phi i7 127, void %ap_fixed_base.exit73.i.i, i7 %ret, void %.split1019.i.i"   --->   Operation 61 'phi' 'i_V_5' <Predicate = true> <Delay = 0.00>
ST_6 : Operation 62 [1/1] (0.81ns)   --->   "%icmp_ln886 = icmp_eq  i7 %i_V_5, i7 0" [lte_cell_search.cpp:259]   --->   Operation 62 'icmp' 'icmp_ln886' <Predicate = true> <Delay = 0.81> <CoreInst = "Cmp">   --->   Core 9 'Cmp' <Latency = 0> <II = 1> <Delay = 0.99> <FuncUnit> <Opcode : 'icmp'> <InPorts = 2> <OutPorts = 1>
ST_6 : Operation 63 [1/1] (0.00ns)   --->   "%empty_99 = speclooptripcount i32 @_ssdm_op_SpecLoopTripCount, i64 127, i64 127, i64 127"   --->   Operation 63 'speclooptripcount' 'empty_99' <Predicate = true> <Delay = 0.00>
ST_6 : Operation 64 [1/1] (0.00ns)   --->   "%br_ln55 = br i1 %icmp_ln886, void %.split.i.i_ifconv, void %.exit" [lte_cell_search.cpp:55->lte_cell_search.cpp:262->lte_cell_search.cpp:259]   --->   Operation 64 'br' 'br_ln55' <Predicate = true> <Delay = 0.00>
ST_6 : Operation 65 [1/1] (0.77ns)   --->   "%ret = add i7 %i_V_5, i7 127" [lte_cell_search.cpp:259]   --->   Operation 65 'add' 'ret' <Predicate = (!icmp_ln886)> <Delay = 0.77> <CoreInst = "Adder">   --->   Core 1 'Adder' <Latency = 0> <II = 1> <Delay = 1.07> <FuncUnit> <Opcode : 'add' 'sub'> <InPorts = 2> <OutPorts = 1>
ST_6 : Operation 66 [1/1] (0.00ns)   --->   "%trunc_ln1347 = trunc i7 %i_V_5" [lte_cell_search.cpp:259]   --->   Operation 66 'trunc' 'trunc_ln1347' <Predicate = (!icmp_ln886)> <Delay = 0.00>
ST_6 : Operation 67 [1/1] (0.78ns)   --->   "%add_ln58 = add i6 %trunc_ln1347, i6 63" [lte_cell_search.cpp:58->lte_cell_search.cpp:262->lte_cell_search.cpp:259]   --->   Operation 67 'add' 'add_ln58' <Predicate = (!icmp_ln886)> <Delay = 0.78> <CoreInst = "Adder">   --->   Core 1 'Adder' <Latency = 0> <II = 1> <Delay = 1.07> <FuncUnit> <Opcode : 'add' 'sub'> <InPorts = 2> <OutPorts = 1>
ST_6 : Operation 68 [1/1] (0.00ns)   --->   "%zext_ln58 = zext i6 %add_ln58" [lte_cell_search.cpp:58->lte_cell_search.cpp:262->lte_cell_search.cpp:259]   --->   Operation 68 'zext' 'zext_ln58' <Predicate = (!icmp_ln886)> <Delay = 0.00>
ST_6 : Operation 69 [1/1] (0.00ns)   --->   "%mag_buff_V_0_addr_1 = getelementptr i32 %mag_buff_V_0, i64 0, i64 %zext_ln58" [lte_cell_search.cpp:58->lte_cell_search.cpp:262->lte_cell_search.cpp:259]   --->   Operation 69 'getelementptr' 'mag_buff_V_0_addr_1' <Predicate = (!icmp_ln886)> <Delay = 0.00>
ST_6 : Operation 70 [1/1] (0.00ns)   --->   "%mag_buff_V_1_addr_1 = getelementptr i32 %mag_buff_V_1, i64 0, i64 %zext_ln58" [lte_cell_search.cpp:58->lte_cell_search.cpp:262->lte_cell_search.cpp:259]   --->   Operation 70 'getelementptr' 'mag_buff_V_1_addr_1' <Predicate = (!icmp_ln886)> <Delay = 0.00>
ST_6 : Operation 71 [1/1] (0.00ns)   --->   "%tmp_77 = bitselect i1 @_ssdm_op_BitSelect.i1.i7.i32, i7 %ret, i32 6" [lte_cell_search.cpp:58->lte_cell_search.cpp:262->lte_cell_search.cpp:259]   --->   Operation 71 'bitselect' 'tmp_77' <Predicate = (!icmp_ln886)> <Delay = 0.00>
ST_6 : Operation 72 [2/2] (1.23ns)   --->   "%mag_buff_V_0_load = load i6 %mag_buff_V_0_addr_1" [lte_cell_search.cpp:58->lte_cell_search.cpp:262->lte_cell_search.cpp:259]   --->   Operation 72 'load' 'mag_buff_V_0_load' <Predicate = (!icmp_ln886)> <Delay = 1.23> <CoreInst = "RAM">   --->   Core 83 'RAM' <Latency = 1> <II = 1> <Delay = 1.23> <Storage> <Opcode : 'load' 'store'> <Ports = 2> <Width = 32> <Depth = 64> <RAM>
ST_6 : Operation 73 [2/2] (1.23ns)   --->   "%mag_buff_V_1_load_1 = load i6 %mag_buff_V_1_addr_1" [lte_cell_search.cpp:58->lte_cell_search.cpp:262->lte_cell_search.cpp:259]   --->   Operation 73 'load' 'mag_buff_V_1_load_1' <Predicate = (!icmp_ln886)> <Delay = 1.23> <CoreInst = "RAM">   --->   Core 83 'RAM' <Latency = 1> <II = 1> <Delay = 1.23> <Storage> <Opcode : 'load' 'store'> <Ports = 2> <Width = 32> <Depth = 64> <RAM>
ST_6 : Operation 74 [1/1] (0.00ns)   --->   "%tmp_78 = bitselect i1 @_ssdm_op_BitSelect.i1.i7.i32, i7 %i_V_5, i32 6" [lte_cell_search.cpp:58->lte_cell_search.cpp:262->lte_cell_search.cpp:259]   --->   Operation 74 'bitselect' 'tmp_78' <Predicate = (!icmp_ln886)> <Delay = 0.00>
ST_6 : Operation 75 [1/1] (0.00ns)   --->   "%br_ln58 = br i1 %tmp_78, void %branch4.i.i, void %branch5.i.i" [lte_cell_search.cpp:58->lte_cell_search.cpp:262->lte_cell_search.cpp:259]   --->   Operation 75 'br' 'br_ln58' <Predicate = (!icmp_ln886)> <Delay = 0.00>
ST_6 : Operation 76 [1/1] (0.00ns)   --->   "%br_ln0 = br void"   --->   Operation 76 'br' 'br_ln0' <Predicate = (!icmp_ln886)> <Delay = 0.00>

State 7 <SV = 6> <Delay = 2.92>
ST_7 : Operation 77 [1/1] (0.00ns)   --->   "%specpipeline_ln259 = specpipeline void @_ssdm_op_SpecPipeline, i32 1, i32 0, i32 0, i32 0, void @empty_12" [lte_cell_search.cpp:259]   --->   Operation 77 'specpipeline' 'specpipeline_ln259' <Predicate = (!icmp_ln886)> <Delay = 0.00>
ST_7 : Operation 78 [1/1] (0.00ns)   --->   "%specloopname_ln259 = specloopname void @_ssdm_op_SpecLoopName, void @empty_8" [lte_cell_search.cpp:259]   --->   Operation 78 'specloopname' 'specloopname_ln259' <Predicate = (!icmp_ln886)> <Delay = 0.00>
ST_7 : Operation 79 [1/2] (1.23ns)   --->   "%mag_buff_V_0_load = load i6 %mag_buff_V_0_addr_1" [lte_cell_search.cpp:58->lte_cell_search.cpp:262->lte_cell_search.cpp:259]   --->   Operation 79 'load' 'mag_buff_V_0_load' <Predicate = (!icmp_ln886)> <Delay = 1.23> <CoreInst = "RAM">   --->   Core 83 'RAM' <Latency = 1> <II = 1> <Delay = 1.23> <Storage> <Opcode : 'load' 'store'> <Ports = 2> <Width = 32> <Depth = 64> <RAM>
ST_7 : Operation 80 [1/2] (1.23ns)   --->   "%mag_buff_V_1_load_1 = load i6 %mag_buff_V_1_addr_1" [lte_cell_search.cpp:58->lte_cell_search.cpp:262->lte_cell_search.cpp:259]   --->   Operation 80 'load' 'mag_buff_V_1_load_1' <Predicate = (!icmp_ln886)> <Delay = 1.23> <CoreInst = "RAM">   --->   Core 83 'RAM' <Latency = 1> <II = 1> <Delay = 1.23> <Storage> <Opcode : 'load' 'store'> <Ports = 2> <Width = 32> <Depth = 64> <RAM>
ST_7 : Operation 81 [1/1] (0.44ns)   --->   "%select_ln58 = select i1 %tmp_77, i32 %mag_buff_V_1_load_1, i32 %mag_buff_V_0_load" [lte_cell_search.cpp:58->lte_cell_search.cpp:262->lte_cell_search.cpp:259]   --->   Operation 81 'select' 'select_ln58' <Predicate = (!icmp_ln886)> <Delay = 0.44> <CoreInst = "Sel">   --->   Core 73 'Sel' <Latency = 0> <II = 1> <Delay = 0.44> <FuncUnit> <Opcode : 'select'> <InPorts = 3> <OutPorts = 1>
ST_7 : Operation 82 [1/1] (0.00ns)   --->   "%zext_ln58_1 = zext i6 %trunc_ln1347" [lte_cell_search.cpp:58->lte_cell_search.cpp:262->lte_cell_search.cpp:259]   --->   Operation 82 'zext' 'zext_ln58_1' <Predicate = (!icmp_ln886)> <Delay = 0.00>
ST_7 : Operation 83 [1/1] (0.00ns)   --->   "%mag_buff_V_0_addr_2 = getelementptr i32 %mag_buff_V_0, i64 0, i64 %zext_ln58_1" [lte_cell_search.cpp:58->lte_cell_search.cpp:262->lte_cell_search.cpp:259]   --->   Operation 83 'getelementptr' 'mag_buff_V_0_addr_2' <Predicate = (!icmp_ln886)> <Delay = 0.00>
ST_7 : Operation 84 [1/1] (0.00ns)   --->   "%mag_buff_V_1_addr_2 = getelementptr i32 %mag_buff_V_1, i64 0, i64 %zext_ln58_1" [lte_cell_search.cpp:58->lte_cell_search.cpp:262->lte_cell_search.cpp:259]   --->   Operation 84 'getelementptr' 'mag_buff_V_1_addr_2' <Predicate = (!icmp_ln886)> <Delay = 0.00>
ST_7 : Operation 85 [1/1] (1.23ns)   --->   "%store_ln58 = store i32 %select_ln58, i6 %mag_buff_V_0_addr_2" [lte_cell_search.cpp:58->lte_cell_search.cpp:262->lte_cell_search.cpp:259]   --->   Operation 85 'store' 'store_ln58' <Predicate = (!tmp_78)> <Delay = 1.23> <CoreInst = "RAM">   --->   Core 83 'RAM' <Latency = 1> <II = 1> <Delay = 1.23> <Storage> <Opcode : 'load' 'store'> <Ports = 2> <Width = 32> <Depth = 64> <RAM>
ST_7 : Operation 86 [1/1] (0.00ns)   --->   "%br_ln58 = br void %.split1019.i.i" [lte_cell_search.cpp:58->lte_cell_search.cpp:262->lte_cell_search.cpp:259]   --->   Operation 86 'br' 'br_ln58' <Predicate = (!tmp_78)> <Delay = 0.00>
ST_7 : Operation 87 [1/1] (1.23ns)   --->   "%store_ln58 = store i32 %select_ln58, i6 %mag_buff_V_1_addr_2" [lte_cell_search.cpp:58->lte_cell_search.cpp:262->lte_cell_search.cpp:259]   --->   Operation 87 'store' 'store_ln58' <Predicate = (tmp_78)> <Delay = 1.23> <CoreInst = "RAM">   --->   Core 83 'RAM' <Latency = 1> <II = 1> <Delay = 1.23> <Storage> <Opcode : 'load' 'store'> <Ports = 2> <Width = 32> <Depth = 64> <RAM>
ST_7 : Operation 88 [1/1] (0.00ns)   --->   "%br_ln58 = br void %.split1019.i.i" [lte_cell_search.cpp:58->lte_cell_search.cpp:262->lte_cell_search.cpp:259]   --->   Operation 88 'br' 'br_ln58' <Predicate = (tmp_78)> <Delay = 0.00>

State 8 <SV = 6> <Delay = 6.08>
ST_8 : Operation 89 [1/1] (0.00ns)   --->   "%sext_ln1118_3 = sext i23 %trunc_ln7" [lte_cell_search.cpp:259]   --->   Operation 89 'sext' 'sext_ln1118_3' <Predicate = true> <Delay = 0.00>
ST_8 : Operation 90 [1/1] (2.83ns)   --->   "%mul_ln1118 = mul i46 %sext_ln1118_3, i46 %sext_ln1118_3" [lte_cell_search.cpp:259]   --->   Operation 90 'mul' 'mul_ln1118' <Predicate = true> <Delay = 2.83> <CoreInst = "Multiplier">   --->   Core 3 'Multiplier' <Latency = 0> <II = 1> <Delay = 2.83> <FuncUnit> <Opcode : 'mul'> <InPorts = 2> <OutPorts = 1>
ST_8 : Operation 91 [1/1] (0.00ns)   --->   "%sext_ln1192 = sext i46 %mul_ln1118" [lte_cell_search.cpp:259]   --->   Operation 91 'sext' 'sext_ln1192' <Predicate = true> <Delay = 0.00>
ST_8 : Operation 92 [1/1] (1.07ns)   --->   "%add_ln1192 = add i47 %sext_ln1115, i47 %sext_ln1192" [lte_cell_search.cpp:259]   --->   Operation 92 'add' 'add_ln1192' <Predicate = true> <Delay = 1.07> <CoreInst = "Adder">   --->   Core 1 'Adder' <Latency = 0> <II = 1> <Delay = 1.07> <FuncUnit> <Opcode : 'add' 'sub'> <InPorts = 2> <OutPorts = 1>
ST_8 : Operation 93 [1/1] (0.00ns)   --->   "%trunc_ln708_1 = partselect i27 @_ssdm_op_PartSelect.i27.i47.i32.i32, i47 %add_ln1192, i32 20, i32 46" [lte_cell_search.cpp:259]   --->   Operation 93 'partselect' 'trunc_ln708_1' <Predicate = true> <Delay = 0.00>
ST_8 : Operation 94 [1/1] (0.00ns)   --->   "%sext_ln708 = sext i27 %trunc_ln708_1" [lte_cell_search.cpp:259]   --->   Operation 94 'sext' 'sext_ln708' <Predicate = true> <Delay = 0.00>
ST_8 : Operation 95 [1/1] (0.00ns) (grouped into TernaryAdder)   --->   "%sub_ln703 = sub i32 %sext_ln708, i32 %mag_buff_V_1_load" [lte_cell_search.cpp:259]   --->   Operation 95 'sub' 'sub_ln703' <Predicate = true> <Delay = 0.00> <CoreInst = "TAddSub">   --->   Core 10 'TAddSub' <Latency = 0> <II = 1> <Delay = 0.36> <IPBlock> <Opcode : 'add' 'sub'> <InPorts = 3> <OutPorts = 1> <Sync>
ST_8 : Operation 96 [1/1] (1.23ns)   --->   "%store_ln60 = store i32 %sext_ln708, i32 0" [lte_cell_search.cpp:60->lte_cell_search.cpp:262->lte_cell_search.cpp:259]   --->   Operation 96 'store' 'store_ln60' <Predicate = true> <Delay = 1.23> <CoreInst = "RAM">   --->   Core 83 'RAM' <Latency = 1> <II = 1> <Delay = 1.23> <Storage> <Opcode : 'load' 'store'> <Ports = 2> <Width = 32> <Depth = 64> <RAM>
ST_8 : Operation 97 [1/1] (0.73ns) (root node of TernaryAdder)   --->   "%add_ln703 = add i32 %sum_mag_V_loc_0_i_i, i32 %sub_ln703" [lte_cell_search.cpp:259]   --->   Operation 97 'add' 'add_ln703' <Predicate = true> <Delay = 0.73> <CoreInst = "TAddSub">   --->   Core 10 'TAddSub' <Latency = 0> <II = 1> <Delay = 0.36> <IPBlock> <Opcode : 'add' 'sub'> <InPorts = 3> <OutPorts = 1> <Sync>
ST_8 : Operation 98 [1/1] (0.99ns)   --->   "%icmp_ln1495 = icmp_slt  i32 %add_ln703, i32 10485" [lte_cell_search.cpp:259]   --->   Operation 98 'icmp' 'icmp_ln1495' <Predicate = true> <Delay = 0.99> <CoreInst = "Cmp">   --->   Core 9 'Cmp' <Latency = 0> <II = 1> <Delay = 0.99> <FuncUnit> <Opcode : 'icmp'> <InPorts = 2> <OutPorts = 1>
ST_8 : Operation 99 [1/1] (0.44ns)   --->   "%select_ln65 = select i1 %icmp_ln1495, i32 %add_ln703, i32 10485" [lte_cell_search.cpp:65->lte_cell_search.cpp:262->lte_cell_search.cpp:259]   --->   Operation 99 'select' 'select_ln65' <Predicate = true> <Delay = 0.44> <CoreInst = "Sel">   --->   Core 73 'Sel' <Latency = 0> <II = 1> <Delay = 0.44> <FuncUnit> <Opcode : 'select'> <InPorts = 3> <OutPorts = 1>
ST_8 : Operation 100 [1/1] (0.00ns)   --->   "%store_ln40 = store i32 %add_ln703, i32 %sum_mag_V" [lte_cell_search.cpp:40->lte_cell_search.cpp:262->lte_cell_search.cpp:259]   --->   Operation 100 'store' 'store_ln40' <Predicate = true> <Delay = 0.00>
ST_8 : Operation 101 [1/1] (0.00ns)   --->   "%ret_ln259 = ret i32 %select_ln65" [lte_cell_search.cpp:259]   --->   Operation 101 'ret' 'ret_ln259' <Predicate = true> <Delay = 0.00>


============================================================
+ Verbose Summary: Binding
============================================================
STG Binding: 
---------------- STG Properties BEGIN ----------------
- Is combinational: 0
- Is one-state seq: 0
- Is datapath-only: 0
- Is pipelined: 0
- Is top level: 0
Port [ Return ] is wired: 1; IO mode=ap_ctrl_hs:ce=0
Port [ IN_real_V]:  wired=1; compound=1; hidden=0; nouse=0; global=0; static=0; extern=0; dir=0; type=1; pingpong=0; private_global=0; MemPort=[13]; IO mode=ap_memory:ce=0
Port [ trunc_ln264]:  wired=1; compound=1; hidden=0; nouse=0; global=0; static=0; extern=0; dir=0; type=3; pingpong=0; private_global=0; IO mode=ap_fifo:ce=0
Port [ IN_imag_V]:  wired=1; compound=1; hidden=0; nouse=0; global=0; static=0; extern=0; dir=0; type=1; pingpong=0; private_global=0; MemPort=[13]; IO mode=ap_memory:ce=0
Port [ trunc_ln264_out]:  wired=1; compound=1; hidden=0; nouse=0; global=0; static=0; extern=0; dir=1; type=3; pingpong=0; private_global=0; IO mode=ap_fifo:ce=0
Port [ sum_mag_V]:  wired=0; compound=0; hidden=1; nouse=0; global=1; static=1; extern=0; dir=2; type=0; pingpong=0; private_global=1; IO mode=ap_ovld:ce=0
Port [ mag_buff_V_0]:  wired=0; compound=1; hidden=1; nouse=0; global=1; static=1; extern=0; dir=2; type=1; pingpong=0; private_global=1; MemPort=[02]; IO mode=ap_memory:ce=0
Port [ mag_buff_V_1]:  wired=0; compound=1; hidden=1; nouse=0; global=1; static=1; extern=0; dir=2; type=1; pingpong=0; private_global=1; MemPort=[21]; IO mode=ap_memory:ce=0
---------------- STG Properties END ------------------

---------------- Datapath Model BEGIN ----------------

<LifeTime>
<method=bitvector/>
trunc_ln264_read    (read             ) [ 000000000]
write_ln259         (write            ) [ 000000000]
zext_ln256          (zext             ) [ 000000000]
IN_real_V_addr      (getelementptr    ) [ 001000000]
IN_imag_V_addr      (getelementptr    ) [ 001000000]
run                 (icmp             ) [ 001110000]
specshared_ln0      (specshared       ) [ 000000000]
specshared_ln0      (specshared       ) [ 000000000]
specbindport_ln0    (specbindport     ) [ 000000000]
specbindport_ln0    (specbindport     ) [ 000000000]
specinterface_ln0   (specinterface    ) [ 000000000]
specinterface_ln0   (specinterface    ) [ 000000000]
IN_real_V_load      (load             ) [ 000111000]
IN_imag_V_load      (load             ) [ 000111000]
sum_mag_V_load      (load             ) [ 001111000]
br_ln38             (br               ) [ 001111000]
br_ln259            (br               ) [ 001100000]
i_V                 (phi              ) [ 000100000]
i_V_2               (add              ) [ 001100000]
icmp_ln878          (icmp             ) [ 000100000]
empty               (speclooptripcount) [ 000000000]
br_ln41             (br               ) [ 000000000]
specpipeline_ln259  (specpipeline     ) [ 000000000]
specloopname_ln259  (specloopname     ) [ 000000000]
trunc_ln44          (trunc            ) [ 000000000]
zext_ln44           (zext             ) [ 000000000]
mag_buff_V_0_addr   (getelementptr    ) [ 000000000]
mag_buff_V_1_addr   (getelementptr    ) [ 000000000]
tmp                 (partselect       ) [ 000000000]
icmp_ln44           (icmp             ) [ 000100000]
br_ln44             (br               ) [ 000000000]
store_ln44          (store            ) [ 000000000]
br_ln44             (br               ) [ 000000000]
store_ln44          (store            ) [ 000000000]
br_ln44             (br               ) [ 000000000]
br_ln0              (br               ) [ 001100000]
br_ln0              (br               ) [ 001011000]
sum_mag_V_loc_0_i_i (phi              ) [ 000001111]
sext_ln1118         (sext             ) [ 000000000]
r_V                 (mul              ) [ 000000000]
trunc_ln7           (partselect       ) [ 000000111]
sext_ln1118_1       (sext             ) [ 000000000]
r_V_9               (mul              ) [ 000000000]
trunc_ln708_s       (partselect       ) [ 000000000]
sext_ln1118_2       (sext             ) [ 000000000]
r_V_10              (mul              ) [ 000000000]
sext_ln1115         (sext             ) [ 000000111]
mag_buff_V_1_load   (load             ) [ 000000111]
br_ln55             (br               ) [ 000001110]
i_V_5               (phi              ) [ 000000110]
icmp_ln886          (icmp             ) [ 000000110]
empty_99            (speclooptripcount) [ 000000000]
br_ln55             (br               ) [ 000000000]
ret                 (add              ) [ 000001110]
trunc_ln1347        (trunc            ) [ 000000110]
add_ln58            (add              ) [ 000000000]
zext_ln58           (zext             ) [ 000000000]
mag_buff_V_0_addr_1 (getelementptr    ) [ 000000110]
mag_buff_V_1_addr_1 (getelementptr    ) [ 000000110]
tmp_77              (bitselect        ) [ 000000110]
tmp_78              (bitselect        ) [ 000000110]
br_ln58             (br               ) [ 000000000]
br_ln0              (br               ) [ 000001110]
specpipeline_ln259  (specpipeline     ) [ 000000000]
specloopname_ln259  (specloopname     ) [ 000000000]
mag_buff_V_0_load   (load             ) [ 000000000]
mag_buff_V_1_load_1 (load             ) [ 000000000]
select_ln58         (select           ) [ 000000000]
zext_ln58_1         (zext             ) [ 000000000]
mag_buff_V_0_addr_2 (getelementptr    ) [ 000000000]
mag_buff_V_1_addr_2 (getelementptr    ) [ 000000000]
store_ln58          (store            ) [ 000000000]
br_ln58             (br               ) [ 000000000]
store_ln58          (store            ) [ 000000000]
br_ln58             (br               ) [ 000000000]
sext_ln1118_3       (sext             ) [ 000000000]
mul_ln1118          (mul              ) [ 000000000]
sext_ln1192         (sext             ) [ 000000000]
add_ln1192          (add              ) [ 000000000]
trunc_ln708_1       (partselect       ) [ 000000000]
sext_ln708          (sext             ) [ 000000000]
sub_ln703           (sub              ) [ 000000000]
store_ln60          (store            ) [ 000000000]
add_ln703           (add              ) [ 000000000]
icmp_ln1495         (icmp             ) [ 000000000]
select_ln65         (select           ) [ 000000000]
store_ln40          (store            ) [ 000000000]
ret_ln259           (ret              ) [ 000000000]
</LifeTime>

<model>

<comp_list>
<comp id="0" class="1000" name="IN_real_V">
<pin_list>
<pin id="1" dir="1" index="0" bw="1" slack="0"/>
</pin_list>
<bind>
<StgValue><ssdm name="IN_real_V"/><MemPortTyVec>1 3 </MemPortTyVec>
</StgValue>
</bind>
</comp>

<comp id="2" class="1000" name="trunc_ln264">
<pin_list>
<pin id="3" dir="1" index="0" bw="1" slack="0"/>
</pin_list>
<bind>
<StgValue><ssdm name="trunc_ln264"/></StgValue>
</bind>
</comp>

<comp id="4" class="1000" name="IN_imag_V">
<pin_list>
<pin id="5" dir="1" index="0" bw="1" slack="0"/>
</pin_list>
<bind>
<StgValue><ssdm name="IN_imag_V"/><MemPortTyVec>1 3 </MemPortTyVec>
</StgValue>
</bind>
</comp>

<comp id="6" class="1000" name="trunc_ln264_out">
<pin_list>
<pin id="7" dir="1" index="0" bw="1" slack="0"/>
</pin_list>
<bind>
<StgValue><ssdm name="trunc_ln264_out"/></StgValue>
</bind>
</comp>

<comp id="8" class="1000" name="sum_mag_V">
<pin_list>
<pin id="9" dir="1" index="0" bw="1" slack="0"/>
</pin_list>
<bind>
<StgValue><ssdm name="sum_mag_V"/></StgValue>
</bind>
</comp>

<comp id="10" class="1000" name="mag_buff_V_0">
<pin_list>
<pin id="11" dir="1" index="0" bw="1" slack="0"/>
</pin_list>
<bind>
<StgValue><ssdm name="mag_buff_V_0"/><MemPortTyVec>0 2 </MemPortTyVec>
</StgValue>
</bind>
</comp>

<comp id="12" class="1000" name="mag_buff_V_1">
<pin_list>
<pin id="13" dir="1" index="0" bw="1" slack="0"/>
</pin_list>
<bind>
<StgValue><ssdm name="mag_buff_V_1"/><MemPortTyVec>2 1 </MemPortTyVec>
</StgValue>
</bind>
</comp>

<comp id="14" class="1001" name="const_14">
<pin_list>
<pin id="15" dir="1" index="0" bw="1" slack="0"/>
</pin_list>
<bind>
<StgValue><ssdm name="_ssdm_op_Read.ap_fifo.i17P0A"/></StgValue>
</bind>
</comp>

<comp id="16" class="1001" name="const_16">
<pin_list>
<pin id="17" dir="1" index="0" bw="1" slack="0"/>
</pin_list>
<bind>
<StgValue><ssdm name="_ssdm_op_Write.ap_fifo.i17P0A"/></StgValue>
</bind>
</comp>

<comp id="18" class="1001" name="const_18">
<pin_list>
<pin id="19" dir="1" index="0" bw="1" slack="0"/>
</pin_list>
<bind>
<StgValue><ssdm name=""/></StgValue>
</bind>
</comp>

<comp id="20" class="1001" name="const_20">
<pin_list>
<pin id="21" dir="1" index="0" bw="1" slack="0"/>
</pin_list>
<bind>
<StgValue><ssdm name=""/></StgValue>
</bind>
</comp>

<comp id="22" class="1001" name="const_22">
<pin_list>
<pin id="23" dir="1" index="0" bw="1" slack="2147483647"/>
</pin_list>
<bind>
<StgValue><ssdm name="_ssdm_op_SpecShared"/></StgValue>
</bind>
</comp>

<comp id="24" class="1001" name="const_24">
<pin_list>
<pin id="25" dir="1" index="0" bw="1" slack="2147483647"/>
</pin_list>
<bind>
<StgValue><ssdm name="p_str"/></StgValue>
</bind>
</comp>

<comp id="26" class="1001" name="const_26">
<pin_list>
<pin id="27" dir="1" index="0" bw="1" slack="2147483647"/>
</pin_list>
<bind>
<StgValue><ssdm name="_ssdm_op_SpecBindPort"/></StgValue>
</bind>
</comp>

<comp id="28" class="1001" name="const_28">
<pin_list>
<pin id="29" dir="1" index="0" bw="1" slack="0"/>
</pin_list>
<bind>
<StgValue><ssdm name=""/></StgValue>
</bind>
</comp>

<comp id="30" class="1001" name="const_30">
<pin_list>
<pin id="31" dir="1" index="0" bw="1" slack="2147483647"/>
</pin_list>
<bind>
<StgValue><ssdm name="_ssdm_op_SpecInterface"/></StgValue>
</bind>
</comp>

<comp id="32" class="1001" name="const_32">
<pin_list>
<pin id="33" dir="1" index="0" bw="1" slack="2147483647"/>
</pin_list>
<bind>
<StgValue><ssdm name="ap_fifo_str"/></StgValue>
</bind>
</comp>

<comp id="34" class="1001" name="const_34">
<pin_list>
<pin id="35" dir="1" index="0" bw="1" slack="2147483647"/>
</pin_list>
<bind>
<StgValue><ssdm name=""/></StgValue>
</bind>
</comp>

<comp id="36" class="1001" name="const_36">
<pin_list>
<pin id="37" dir="1" index="0" bw="1" slack="2147483647"/>
</pin_list>
<bind>
<StgValue><ssdm name=""/></StgValue>
</bind>
</comp>

<comp id="38" class="1001" name="const_38">
<pin_list>
<pin id="39" dir="1" index="0" bw="1" slack="2147483647"/>
</pin_list>
<bind>
<StgValue><ssdm name="ScalarProp_str"/></StgValue>
</bind>
</comp>

<comp id="40" class="1001" name="const_40">
<pin_list>
<pin id="41" dir="1" index="0" bw="1" slack="1"/>
</pin_list>
<bind>
<StgValue><ssdm name=""/></StgValue>
</bind>
</comp>

<comp id="42" class="1001" name="const_42">
<pin_list>
<pin id="43" dir="1" index="0" bw="1" slack="0"/>
</pin_list>
<bind>
<StgValue><ssdm name=""/></StgValue>
</bind>
</comp>

<comp id="44" class="1001" name="const_44">
<pin_list>
<pin id="45" dir="1" index="0" bw="1" slack="0"/>
</pin_list>
<bind>
<StgValue><ssdm name=""/></StgValue>
</bind>
</comp>

<comp id="46" class="1001" name="const_46">
<pin_list>
<pin id="47" dir="1" index="0" bw="1" slack="2147483647"/>
</pin_list>
<bind>
<StgValue><ssdm name="_ssdm_op_SpecLoopTripCount"/></StgValue>
</bind>
</comp>

<comp id="48" class="1001" name="const_48">
<pin_list>
<pin id="49" dir="1" index="0" bw="1" slack="2147483647"/>
</pin_list>
<bind>
<StgValue><ssdm name=""/></StgValue>
</bind>
</comp>

<comp id="50" class="1001" name="const_50">
<pin_list>
<pin id="51" dir="1" index="0" bw="1" slack="2147483647"/>
</pin_list>
<bind>
<StgValue><ssdm name="_ssdm_op_SpecPipeline"/></StgValue>
</bind>
</comp>

<comp id="52" class="1001" name="const_52">
<pin_list>
<pin id="53" dir="1" index="0" bw="1" slack="2147483647"/>
</pin_list>
<bind>
<StgValue><ssdm name=""/></StgValue>
</bind>
</comp>

<comp id="54" class="1001" name="const_54">
<pin_list>
<pin id="55" dir="1" index="0" bw="1" slack="2147483647"/>
</pin_list>
<bind>
<StgValue><ssdm name="empty_12"/></StgValue>
</bind>
</comp>

<comp id="56" class="1001" name="const_56">
<pin_list>
<pin id="57" dir="1" index="0" bw="1" slack="2147483647"/>
</pin_list>
<bind>
<StgValue><ssdm name="_ssdm_op_SpecLoopName"/></StgValue>
</bind>
</comp>

<comp id="58" class="1001" name="const_58">
<pin_list>
<pin id="59" dir="1" index="0" bw="1" slack="2147483647"/>
</pin_list>
<bind>
<StgValue><ssdm name="empty_9"/></StgValue>
</bind>
</comp>

<comp id="60" class="1001" name="const_60">
<pin_list>
<pin id="61" dir="1" index="0" bw="1" slack="0"/>
</pin_list>
<bind>
<StgValue><ssdm name="_ssdm_op_PartSelect.i2.i8.i32.i32"/></StgValue>
</bind>
</comp>

<comp id="62" class="1001" name="const_62">
<pin_list>
<pin id="63" dir="1" index="0" bw="1" slack="0"/>
</pin_list>
<bind>
<StgValue><ssdm name=""/></StgValue>
</bind>
</comp>

<comp id="64" class="1001" name="const_64">
<pin_list>
<pin id="65" dir="1" index="0" bw="1" slack="0"/>
</pin_list>
<bind>
<StgValue><ssdm name=""/></StgValue>
</bind>
</comp>

<comp id="66" class="1001" name="const_66">
<pin_list>
<pin id="67" dir="1" index="0" bw="1" slack="0"/>
</pin_list>
<bind>
<StgValue><ssdm name=""/></StgValue>
</bind>
</comp>

<comp id="68" class="1001" name="const_68">
<pin_list>
<pin id="69" dir="1" index="0" bw="1" slack="0"/>
</pin_list>
<bind>
<StgValue><ssdm name=""/></StgValue>
</bind>
</comp>

<comp id="70" class="1001" name="const_70">
<pin_list>
<pin id="71" dir="1" index="0" bw="1" slack="0"/>
</pin_list>
<bind>
<StgValue><ssdm name=""/></StgValue>
</bind>
</comp>

<comp id="72" class="1001" name="const_72">
<pin_list>
<pin id="73" dir="1" index="0" bw="1" slack="0"/>
</pin_list>
<bind>
<StgValue><ssdm name="_ssdm_op_PartSelect.i23.i43.i32.i32"/></StgValue>
</bind>
</comp>

<comp id="74" class="1001" name="const_74">
<pin_list>
<pin id="75" dir="1" index="0" bw="1" slack="0"/>
</pin_list>
<bind>
<StgValue><ssdm name=""/></StgValue>
</bind>
</comp>

<comp id="76" class="1001" name="const_76">
<pin_list>
<pin id="77" dir="1" index="0" bw="1" slack="0"/>
</pin_list>
<bind>
<StgValue><ssdm name=""/></StgValue>
</bind>
</comp>

<comp id="78" class="1001" name="const_78">
<pin_list>
<pin id="79" dir="1" index="0" bw="1" slack="0"/>
</pin_list>
<bind>
<StgValue><ssdm name=""/></StgValue>
</bind>
</comp>

<comp id="80" class="1001" name="const_80">
<pin_list>
<pin id="81" dir="1" index="0" bw="1" slack="0"/>
</pin_list>
<bind>
<StgValue><ssdm name=""/></StgValue>
</bind>
</comp>

<comp id="82" class="1001" name="const_82">
<pin_list>
<pin id="83" dir="1" index="0" bw="1" slack="2147483647"/>
</pin_list>
<bind>
<StgValue><ssdm name=""/></StgValue>
</bind>
</comp>

<comp id="84" class="1001" name="const_84">
<pin_list>
<pin id="85" dir="1" index="0" bw="1" slack="0"/>
</pin_list>
<bind>
<StgValue><ssdm name=""/></StgValue>
</bind>
</comp>

<comp id="86" class="1001" name="const_86">
<pin_list>
<pin id="87" dir="1" index="0" bw="1" slack="0"/>
</pin_list>
<bind>
<StgValue><ssdm name="_ssdm_op_BitSelect.i1.i7.i32"/></StgValue>
</bind>
</comp>

<comp id="88" class="1001" name="const_88">
<pin_list>
<pin id="89" dir="1" index="0" bw="1" slack="2147483647"/>
</pin_list>
<bind>
<StgValue><ssdm name="empty_8"/></StgValue>
</bind>
</comp>

<comp id="90" class="1001" name="const_90">
<pin_list>
<pin id="91" dir="1" index="0" bw="1" slack="0"/>
</pin_list>
<bind>
<StgValue><ssdm name="_ssdm_op_PartSelect.i27.i47.i32.i32"/></StgValue>
</bind>
</comp>

<comp id="92" class="1001" name="const_92">
<pin_list>
<pin id="93" dir="1" index="0" bw="1" slack="0"/>
</pin_list>
<bind>
<StgValue><ssdm name=""/></StgValue>
</bind>
</comp>

<comp id="94" class="1001" name="const_94">
<pin_list>
<pin id="95" dir="1" index="0" bw="1" slack="0"/>
</pin_list>
<bind>
<StgValue><ssdm name=""/></StgValue>
</bind>
</comp>

<comp id="96" class="1001" name="const_96">
<pin_list>
<pin id="97" dir="1" index="0" bw="1" slack="0"/>
</pin_list>
<bind>
<StgValue><ssdm name=""/></StgValue>
</bind>
</comp>

<comp id="98" class="1004" name="trunc_ln264_read_read_fu_98">
<pin_list>
<pin id="99" dir="0" index="0" bw="17" slack="0"/>
<pin id="100" dir="0" index="1" bw="17" slack="0"/>
<pin id="101" dir="1" index="2" bw="17" slack="0"/>
</pin_list>
<bind>
<opcode="read(1150) " fcode="read"/>
<opset="trunc_ln264_read/1 "/>
</bind>
</comp>

<comp id="104" class="1004" name="write_ln259_write_fu_104">
<pin_list>
<pin id="105" dir="0" index="0" bw="0" slack="0"/>
<pin id="106" dir="0" index="1" bw="17" slack="0"/>
<pin id="107" dir="0" index="2" bw="17" slack="0"/>
<pin id="108" dir="1" index="3" bw="0" slack="2147483647"/>
</pin_list>
<bind>
<opcode="write(1151) " fcode="write"/>
<opset="write_ln259/1 "/>
</bind>
</comp>

<comp id="112" class="1004" name="IN_real_V_addr_gep_fu_112">
<pin_list>
<pin id="113" dir="0" index="0" bw="23" slack="0"/>
<pin id="114" dir="0" index="1" bw="1" slack="0"/>
<pin id="115" dir="0" index="2" bw="17" slack="0"/>
<pin id="116" dir="1" index="3" bw="17" slack="0"/>
</pin_list>
<bind>
<opcode="getelementptr(29) " fcode="getelementptr"/>
<opset="IN_real_V_addr/1 "/>
</bind>
</comp>

<comp id="119" class="1004" name="grp_access_fu_119">
<pin_list>
<pin id="120" dir="0" index="0" bw="17" slack="0"/>
<pin id="121" dir="0" index="1" bw="23" slack="2147483647"/>
<pin id="122" dir="0" index="2" bw="0" slack="2147483647"/>
<pin id="123" dir="1" index="3" bw="23" slack="3"/>
</pin_list>
<bind>
<opcode="load(27) " fcode="load"/>
<opset="IN_real_V_load/1 "/>
</bind>
</comp>

<comp id="125" class="1004" name="IN_imag_V_addr_gep_fu_125">
<pin_list>
<pin id="126" dir="0" index="0" bw="23" slack="0"/>
<pin id="127" dir="0" index="1" bw="1" slack="0"/>
<pin id="128" dir="0" index="2" bw="17" slack="0"/>
<pin id="129" dir="1" index="3" bw="17" slack="0"/>
</pin_list>
<bind>
<opcode="getelementptr(29) " fcode="getelementptr"/>
<opset="IN_imag_V_addr/1 "/>
</bind>
</comp>

<comp id="132" class="1004" name="grp_access_fu_132">
<pin_list>
<pin id="133" dir="0" index="0" bw="17" slack="0"/>
<pin id="134" dir="0" index="1" bw="23" slack="2147483647"/>
<pin id="135" dir="0" index="2" bw="0" slack="2147483647"/>
<pin id="136" dir="1" index="3" bw="23" slack="3"/>
</pin_list>
<bind>
<opcode="load(27) " fcode="load"/>
<opset="IN_imag_V_load/1 "/>
</bind>
</comp>

<comp id="138" class="1004" name="mag_buff_V_0_addr_gep_fu_138">
<pin_list>
<pin id="139" dir="0" index="0" bw="32" slack="0"/>
<pin id="140" dir="0" index="1" bw="1" slack="0"/>
<pin id="141" dir="0" index="2" bw="6" slack="0"/>
<pin id="142" dir="1" index="3" bw="6" slack="0"/>
</pin_list>
<bind>
<opcode="getelementptr(29) " fcode="getelementptr"/>
<opset="mag_buff_V_0_addr/3 "/>
</bind>
</comp>

<comp id="145" class="1004" name="mag_buff_V_1_addr_gep_fu_145">
<pin_list>
<pin id="146" dir="0" index="0" bw="32" slack="0"/>
<pin id="147" dir="0" index="1" bw="1" slack="0"/>
<pin id="148" dir="0" index="2" bw="6" slack="0"/>
<pin id="149" dir="1" index="3" bw="6" slack="0"/>
</pin_list>
<bind>
<opcode="getelementptr(29) " fcode="getelementptr"/>
<opset="mag_buff_V_1_addr/3 "/>
</bind>
</comp>

<comp id="152" class="1004" name="grp_access_fu_152">
<pin_list>
<pin id="153" dir="0" index="0" bw="6" slack="0"/>
<pin id="154" dir="0" index="1" bw="32" slack="0"/>
<pin id="155" dir="0" index="2" bw="0" slack="0"/>
<pin id="186" dir="0" index="4" bw="6" slack="2147483647"/>
<pin id="187" dir="0" index="5" bw="32" slack="2147483647"/>
<pin id="188" dir="0" index="6" bw="0" slack="2147483647"/>
<pin id="156" dir="1" index="3" bw="32" slack="2"/>
<pin id="189" dir="1" index="7" bw="32" slack="0"/>
</pin_list>
<bind>
<opcode="load(27) store(28) " fcode="store"/>
<opset="store_ln44/3 mag_buff_V_1_load/4 mag_buff_V_1_load_1/6 store_ln58/7 "/>
</bind>
</comp>

<comp id="159" class="1004" name="grp_access_fu_159">
<pin_list>
<pin id="160" dir="0" index="0" bw="6" slack="0"/>
<pin id="161" dir="0" index="1" bw="32" slack="0"/>
<pin id="162" dir="0" index="2" bw="0" slack="0"/>
<pin id="181" dir="0" index="4" bw="6" slack="0"/>
<pin id="182" dir="0" index="5" bw="32" slack="2147483647"/>
<pin id="183" dir="0" index="6" bw="0" slack="2147483647"/>
<pin id="163" dir="1" index="3" bw="32" slack="2147483647"/>
<pin id="184" dir="1" index="7" bw="32" slack="0"/>
</pin_list>
<bind>
<opcode="load(27) store(28) " fcode="store"/>
<opset="store_ln44/3 mag_buff_V_0_load/6 store_ln58/7 store_ln60/8 "/>
</bind>
</comp>

<comp id="167" class="1004" name="mag_buff_V_0_addr_1_gep_fu_167">
<pin_list>
<pin id="168" dir="0" index="0" bw="32" slack="0"/>
<pin id="169" dir="0" index="1" bw="1" slack="0"/>
<pin id="170" dir="0" index="2" bw="6" slack="0"/>
<pin id="171" dir="1" index="3" bw="6" slack="0"/>
</pin_list>
<bind>
<opcode="getelementptr(29) " fcode="getelementptr"/>
<opset="mag_buff_V_0_addr_1/6 "/>
</bind>
</comp>

<comp id="174" class="1004" name="mag_buff_V_1_addr_1_gep_fu_174">
<pin_list>
<pin id="175" dir="0" index="0" bw="32" slack="0"/>
<pin id="176" dir="0" index="1" bw="1" slack="0"/>
<pin id="177" dir="0" index="2" bw="6" slack="0"/>
<pin id="178" dir="1" index="3" bw="6" slack="0"/>
</pin_list>
<bind>
<opcode="getelementptr(29) " fcode="getelementptr"/>
<opset="mag_buff_V_1_addr_1/6 "/>
</bind>
</comp>

<comp id="191" class="1004" name="mag_buff_V_0_addr_2_gep_fu_191">
<pin_list>
<pin id="192" dir="0" index="0" bw="32" slack="0"/>
<pin id="193" dir="0" index="1" bw="1" slack="0"/>
<pin id="194" dir="0" index="2" bw="6" slack="0"/>
<pin id="195" dir="1" index="3" bw="6" slack="0"/>
</pin_list>
<bind>
<opcode="getelementptr(29) " fcode="getelementptr"/>
<opset="mag_buff_V_0_addr_2/7 "/>
</bind>
</comp>

<comp id="198" class="1004" name="mag_buff_V_1_addr_2_gep_fu_198">
<pin_list>
<pin id="199" dir="0" index="0" bw="32" slack="0"/>
<pin id="200" dir="0" index="1" bw="1" slack="0"/>
<pin id="201" dir="0" index="2" bw="6" slack="0"/>
<pin id="202" dir="1" index="3" bw="6" slack="0"/>
</pin_list>
<bind>
<opcode="getelementptr(29) " fcode="getelementptr"/>
<opset="mag_buff_V_1_addr_2/7 "/>
</bind>
</comp>

<comp id="208" class="1005" name="i_V_reg_208">
<pin_list>
<pin id="209" dir="0" index="0" bw="8" slack="1"/>
<pin id="210" dir="1" index="1" bw="8" slack="1"/>
</pin_list>
<bind>
<opset="i_V (phireg) "/>
</bind>
</comp>

<comp id="212" class="1004" name="i_V_phi_fu_212">
<pin_list>
<pin id="213" dir="0" index="0" bw="8" slack="0"/>
<pin id="214" dir="0" index="1" bw="0" slack="2147483647"/>
<pin id="215" dir="0" index="2" bw="1" slack="1"/>
<pin id="216" dir="0" index="3" bw="0" slack="2147483647"/>
<pin id="217" dir="1" index="4" bw="8" slack="0"/>
</pin_list>
<bind>
<opcode="phi(47) " fcode="phi"/>
<opset="i_V/3 "/>
</bind>
</comp>

<comp id="219" class="1005" name="sum_mag_V_loc_0_i_i_reg_219">
<pin_list>
<pin id="220" dir="0" index="0" bw="32" slack="1"/>
<pin id="221" dir="1" index="1" bw="32" slack="1"/>
</pin_list>
<bind>
<opset="sum_mag_V_loc_0_i_i (phireg) "/>
</bind>
</comp>

<comp id="223" class="1004" name="sum_mag_V_loc_0_i_i_phi_fu_223">
<pin_list>
<pin id="224" dir="0" index="0" bw="32" slack="2147483647"/>
<pin id="225" dir="0" index="1" bw="0" slack="2147483647"/>
<pin id="226" dir="0" index="2" bw="1" slack="1"/>
<pin id="227" dir="0" index="3" bw="0" slack="2147483647"/>
<pin id="228" dir="1" index="4" bw="32" slack="2"/>
</pin_list>
<bind>
<opcode="phi(47) " fcode="phi"/>
<opset="sum_mag_V_loc_0_i_i/5 "/>
</bind>
</comp>

<comp id="231" class="1005" name="i_V_5_reg_231">
<pin_list>
<pin id="232" dir="0" index="0" bw="7" slack="1"/>
<pin id="233" dir="1" index="1" bw="7" slack="1"/>
</pin_list>
<bind>
<opset="i_V_5 (phireg) "/>
</bind>
</comp>

<comp id="235" class="1004" name="i_V_5_phi_fu_235">
<pin_list>
<pin id="236" dir="0" index="0" bw="1" slack="1"/>
<pin id="237" dir="0" index="1" bw="0" slack="2147483647"/>
<pin id="238" dir="0" index="2" bw="7" slack="0"/>
<pin id="239" dir="0" index="3" bw="0" slack="2147483647"/>
<pin id="240" dir="1" index="4" bw="7" slack="0"/>
</pin_list>
<bind>
<opcode="phi(47) " fcode="phi"/>
<opset="i_V_5/6 "/>
</bind>
</comp>

<comp id="242" class="1004" name="zext_ln256_fu_242">
<pin_list>
<pin id="243" dir="0" index="0" bw="17" slack="0"/>
<pin id="244" dir="1" index="1" bw="64" slack="0"/>
</pin_list>
<bind>
<opcode="zext(34) " fcode="zext"/>
<opset="zext_ln256/1 "/>
</bind>
</comp>

<comp id="248" class="1004" name="run_fu_248">
<pin_list>
<pin id="249" dir="0" index="0" bw="17" slack="0"/>
<pin id="250" dir="0" index="1" bw="1" slack="0"/>
<pin id="251" dir="1" index="2" bw="1" slack="1"/>
</pin_list>
<bind>
<opcode="icmp(45) " fcode="icmp"/>
<opset="run/1 "/>
</bind>
</comp>

<comp id="254" class="1004" name="sum_mag_V_load_load_fu_254">
<pin_list>
<pin id="255" dir="0" index="0" bw="32" slack="0"/>
<pin id="256" dir="1" index="1" bw="32" slack="2147483647"/>
</pin_list>
<bind>
<opcode="load(27) " fcode="load"/>
<opset="sum_mag_V_load/2 "/>
</bind>
</comp>

<comp id="258" class="1004" name="i_V_2_fu_258">
<pin_list>
<pin id="259" dir="0" index="0" bw="8" slack="0"/>
<pin id="260" dir="0" index="1" bw="1" slack="0"/>
<pin id="261" dir="1" index="2" bw="8" slack="0"/>
</pin_list>
<bind>
<opcode="add(8) " fcode="add"/>
<opset="i_V_2/3 "/>
</bind>
</comp>

<comp id="264" class="1004" name="icmp_ln878_fu_264">
<pin_list>
<pin id="265" dir="0" index="0" bw="8" slack="0"/>
<pin id="266" dir="0" index="1" bw="8" slack="0"/>
<pin id="267" dir="1" index="2" bw="1" slack="2147483647"/>
</pin_list>
<bind>
<opcode="icmp(45) " fcode="icmp"/>
<opset="icmp_ln878/3 "/>
</bind>
</comp>

<comp id="270" class="1004" name="trunc_ln44_fu_270">
<pin_list>
<pin id="271" dir="0" index="0" bw="8" slack="0"/>
<pin id="272" dir="1" index="1" bw="6" slack="0"/>
</pin_list>
<bind>
<opcode="trunc(33) " fcode="trunc"/>
<opset="trunc_ln44/3 "/>
</bind>
</comp>

<comp id="274" class="1004" name="zext_ln44_fu_274">
<pin_list>
<pin id="275" dir="0" index="0" bw="6" slack="0"/>
<pin id="276" dir="1" index="1" bw="64" slack="0"/>
</pin_list>
<bind>
<opcode="zext(34) " fcode="zext"/>
<opset="zext_ln44/3 "/>
</bind>
</comp>

<comp id="280" class="1004" name="tmp_fu_280">
<pin_list>
<pin id="281" dir="0" index="0" bw="2" slack="0"/>
<pin id="282" dir="0" index="1" bw="8" slack="0"/>
<pin id="283" dir="0" index="2" bw="4" slack="0"/>
<pin id="284" dir="0" index="3" bw="4" slack="0"/>
<pin id="285" dir="1" index="4" bw="2" slack="0"/>
</pin_list>
<bind>
<opcode="partselect(1002) " fcode="partselect"/>
<opset="tmp/3 "/>
</bind>
</comp>

<comp id="290" class="1004" name="icmp_ln44_fu_290">
<pin_list>
<pin id="291" dir="0" index="0" bw="2" slack="0"/>
<pin id="292" dir="0" index="1" bw="1" slack="0"/>
<pin id="293" dir="1" index="2" bw="1" slack="2147483647"/>
</pin_list>
<bind>
<opcode="icmp(45) " fcode="icmp"/>
<opset="icmp_ln44/3 "/>
</bind>
</comp>

<comp id="296" class="1004" name="sext_ln1118_fu_296">
<pin_list>
<pin id="297" dir="0" index="0" bw="23" slack="3"/>
<pin id="298" dir="1" index="1" bw="43" slack="0"/>
</pin_list>
<bind>
<opcode="sext(35) " fcode="sext"/>
<opset="sext_ln1118/5 "/>
</bind>
</comp>

<comp id="299" class="1004" name="r_V_fu_299">
<pin_list>
<pin id="300" dir="0" index="0" bw="23" slack="0"/>
<pin id="301" dir="0" index="1" bw="20" slack="0"/>
<pin id="302" dir="1" index="2" bw="43" slack="0"/>
</pin_list>
<bind>
<opcode="mul(12) " fcode="mul"/>
<opset="r_V/5 "/>
</bind>
</comp>

<comp id="305" class="1004" name="trunc_ln7_fu_305">
<pin_list>
<pin id="306" dir="0" index="0" bw="23" slack="0"/>
<pin id="307" dir="0" index="1" bw="43" slack="0"/>
<pin id="308" dir="0" index="2" bw="6" slack="0"/>
<pin id="309" dir="0" index="3" bw="7" slack="0"/>
<pin id="310" dir="1" index="4" bw="23" slack="2"/>
</pin_list>
<bind>
<opcode="partselect(1002) " fcode="partselect"/>
<opset="trunc_ln7/5 "/>
</bind>
</comp>

<comp id="315" class="1004" name="sext_ln1118_1_fu_315">
<pin_list>
<pin id="316" dir="0" index="0" bw="23" slack="3"/>
<pin id="317" dir="1" index="1" bw="43" slack="0"/>
</pin_list>
<bind>
<opcode="sext(35) " fcode="sext"/>
<opset="sext_ln1118_1/5 "/>
</bind>
</comp>

<comp id="318" class="1004" name="r_V_9_fu_318">
<pin_list>
<pin id="319" dir="0" index="0" bw="23" slack="0"/>
<pin id="320" dir="0" index="1" bw="20" slack="0"/>
<pin id="321" dir="1" index="2" bw="43" slack="0"/>
</pin_list>
<bind>
<opcode="mul(12) " fcode="mul"/>
<opset="r_V_9/5 "/>
</bind>
</comp>

<comp id="324" class="1004" name="trunc_ln708_s_fu_324">
<pin_list>
<pin id="325" dir="0" index="0" bw="23" slack="0"/>
<pin id="326" dir="0" index="1" bw="43" slack="0"/>
<pin id="327" dir="0" index="2" bw="6" slack="0"/>
<pin id="328" dir="0" index="3" bw="7" slack="0"/>
<pin id="329" dir="1" index="4" bw="23" slack="0"/>
</pin_list>
<bind>
<opcode="partselect(1002) " fcode="partselect"/>
<opset="trunc_ln708_s/5 "/>
</bind>
</comp>

<comp id="334" class="1004" name="sext_ln1118_2_fu_334">
<pin_list>
<pin id="335" dir="0" index="0" bw="23" slack="0"/>
<pin id="336" dir="1" index="1" bw="46" slack="0"/>
</pin_list>
<bind>
<opcode="sext(35) " fcode="sext"/>
<opset="sext_ln1118_2/5 "/>
</bind>
</comp>

<comp id="338" class="1004" name="r_V_10_fu_338">
<pin_list>
<pin id="339" dir="0" index="0" bw="23" slack="0"/>
<pin id="340" dir="0" index="1" bw="23" slack="0"/>
<pin id="341" dir="1" index="2" bw="46" slack="0"/>
</pin_list>
<bind>
<opcode="mul(12) " fcode="mul"/>
<opset="r_V_10/5 "/>
</bind>
</comp>

<comp id="344" class="1004" name="sext_ln1115_fu_344">
<pin_list>
<pin id="345" dir="0" index="0" bw="46" slack="0"/>
<pin id="346" dir="1" index="1" bw="47" slack="2"/>
</pin_list>
<bind>
<opcode="sext(35) " fcode="sext"/>
<opset="sext_ln1115/5 "/>
</bind>
</comp>

<comp id="348" class="1004" name="icmp_ln886_fu_348">
<pin_list>
<pin id="349" dir="0" index="0" bw="7" slack="0"/>
<pin id="350" dir="0" index="1" bw="1" slack="0"/>
<pin id="351" dir="1" index="2" bw="1" slack="1"/>
</pin_list>
<bind>
<opcode="icmp(45) " fcode="icmp"/>
<opset="icmp_ln886/6 "/>
</bind>
</comp>

<comp id="354" class="1004" name="ret_fu_354">
<pin_list>
<pin id="355" dir="0" index="0" bw="7" slack="0"/>
<pin id="356" dir="0" index="1" bw="1" slack="0"/>
<pin id="357" dir="1" index="2" bw="7" slack="0"/>
</pin_list>
<bind>
<opcode="add(8) " fcode="add"/>
<opset="ret/6 "/>
</bind>
</comp>

<comp id="360" class="1004" name="trunc_ln1347_fu_360">
<pin_list>
<pin id="361" dir="0" index="0" bw="7" slack="0"/>
<pin id="362" dir="1" index="1" bw="6" slack="0"/>
</pin_list>
<bind>
<opcode="trunc(33) " fcode="trunc"/>
<opset="trunc_ln1347/6 "/>
</bind>
</comp>

<comp id="364" class="1004" name="add_ln58_fu_364">
<pin_list>
<pin id="365" dir="0" index="0" bw="6" slack="0"/>
<pin id="366" dir="0" index="1" bw="1" slack="0"/>
<pin id="367" dir="1" index="2" bw="6" slack="0"/>
</pin_list>
<bind>
<opcode="add(8) " fcode="add"/>
<opset="add_ln58/6 "/>
</bind>
</comp>

<comp id="370" class="1004" name="zext_ln58_fu_370">
<pin_list>
<pin id="371" dir="0" index="0" bw="6" slack="0"/>
<pin id="372" dir="1" index="1" bw="64" slack="0"/>
</pin_list>
<bind>
<opcode="zext(34) " fcode="zext"/>
<opset="zext_ln58/6 "/>
</bind>
</comp>

<comp id="376" class="1004" name="tmp_77_fu_376">
<pin_list>
<pin id="377" dir="0" index="0" bw="1" slack="0"/>
<pin id="378" dir="0" index="1" bw="7" slack="0"/>
<pin id="379" dir="0" index="2" bw="4" slack="0"/>
<pin id="380" dir="1" index="3" bw="1" slack="1"/>
</pin_list>
<bind>
<opcode="bitselect(1000) " fcode="bitselect"/>
<opset="tmp_77/6 "/>
</bind>
</comp>

<comp id="384" class="1004" name="tmp_78_fu_384">
<pin_list>
<pin id="385" dir="0" index="0" bw="1" slack="0"/>
<pin id="386" dir="0" index="1" bw="7" slack="0"/>
<pin id="387" dir="0" index="2" bw="4" slack="0"/>
<pin id="388" dir="1" index="3" bw="1" slack="1"/>
</pin_list>
<bind>
<opcode="bitselect(1000) " fcode="bitselect"/>
<opset="tmp_78/6 "/>
</bind>
</comp>

<comp id="392" class="1004" name="select_ln58_fu_392">
<pin_list>
<pin id="393" dir="0" index="0" bw="1" slack="1"/>
<pin id="394" dir="0" index="1" bw="32" slack="0"/>
<pin id="395" dir="0" index="2" bw="32" slack="0"/>
<pin id="396" dir="1" index="3" bw="32" slack="0"/>
</pin_list>
<bind>
<opcode="select(49) " fcode="select"/>
<opset="select_ln58/7 "/>
</bind>
</comp>

<comp id="401" class="1004" name="zext_ln58_1_fu_401">
<pin_list>
<pin id="402" dir="0" index="0" bw="6" slack="1"/>
<pin id="403" dir="1" index="1" bw="64" slack="0"/>
</pin_list>
<bind>
<opcode="zext(34) " fcode="zext"/>
<opset="zext_ln58_1/7 "/>
</bind>
</comp>

<comp id="406" class="1004" name="sext_ln1118_3_fu_406">
<pin_list>
<pin id="407" dir="0" index="0" bw="23" slack="2"/>
<pin id="408" dir="1" index="1" bw="46" slack="0"/>
</pin_list>
<bind>
<opcode="sext(35) " fcode="sext"/>
<opset="sext_ln1118_3/8 "/>
</bind>
</comp>

<comp id="409" class="1004" name="mul_ln1118_fu_409">
<pin_list>
<pin id="410" dir="0" index="0" bw="23" slack="0"/>
<pin id="411" dir="0" index="1" bw="23" slack="0"/>
<pin id="412" dir="1" index="2" bw="46" slack="0"/>
</pin_list>
<bind>
<opcode="mul(12) " fcode="mul"/>
<opset="mul_ln1118/8 "/>
</bind>
</comp>

<comp id="415" class="1004" name="sext_ln1192_fu_415">
<pin_list>
<pin id="416" dir="0" index="0" bw="46" slack="0"/>
<pin id="417" dir="1" index="1" bw="47" slack="0"/>
</pin_list>
<bind>
<opcode="sext(35) " fcode="sext"/>
<opset="sext_ln1192/8 "/>
</bind>
</comp>

<comp id="419" class="1004" name="add_ln1192_fu_419">
<pin_list>
<pin id="420" dir="0" index="0" bw="46" slack="2"/>
<pin id="421" dir="0" index="1" bw="46" slack="0"/>
<pin id="422" dir="1" index="2" bw="47" slack="0"/>
</pin_list>
<bind>
<opcode="add(8) " fcode="add"/>
<opset="add_ln1192/8 "/>
</bind>
</comp>

<comp id="424" class="1004" name="trunc_ln708_1_fu_424">
<pin_list>
<pin id="425" dir="0" index="0" bw="27" slack="0"/>
<pin id="426" dir="0" index="1" bw="47" slack="0"/>
<pin id="427" dir="0" index="2" bw="6" slack="0"/>
<pin id="428" dir="0" index="3" bw="7" slack="0"/>
<pin id="429" dir="1" index="4" bw="27" slack="0"/>
</pin_list>
<bind>
<opcode="partselect(1002) " fcode="partselect"/>
<opset="trunc_ln708_1/8 "/>
</bind>
</comp>

<comp id="434" class="1004" name="sext_ln708_fu_434">
<pin_list>
<pin id="435" dir="0" index="0" bw="27" slack="0"/>
<pin id="436" dir="1" index="1" bw="32" slack="0"/>
</pin_list>
<bind>
<opcode="sext(35) " fcode="sext"/>
<opset="sext_ln708/8 "/>
</bind>
</comp>

<comp id="439" class="1004" name="sub_ln703_fu_439">
<pin_list>
<pin id="440" dir="0" index="0" bw="27" slack="0"/>
<pin id="441" dir="0" index="1" bw="32" slack="2"/>
<pin id="442" dir="1" index="2" bw="32" slack="0"/>
</pin_list>
<bind>
<opcode="sub(10) " fcode="sub"/>
<opset="sub_ln703/8 "/>
</bind>
</comp>

<comp id="444" class="1004" name="add_ln703_fu_444">
<pin_list>
<pin id="445" dir="0" index="0" bw="32" slack="2"/>
<pin id="446" dir="0" index="1" bw="32" slack="0"/>
<pin id="447" dir="1" index="2" bw="32" slack="0"/>
</pin_list>
<bind>
<opcode="add(8) " fcode="add"/>
<opset="add_ln703/8 "/>
</bind>
</comp>

<comp id="450" class="1004" name="icmp_ln1495_fu_450">
<pin_list>
<pin id="451" dir="0" index="0" bw="32" slack="0"/>
<pin id="452" dir="0" index="1" bw="15" slack="0"/>
<pin id="453" dir="1" index="2" bw="1" slack="0"/>
</pin_list>
<bind>
<opcode="icmp(45) " fcode="icmp"/>
<opset="icmp_ln1495/8 "/>
</bind>
</comp>

<comp id="456" class="1004" name="select_ln65_fu_456">
<pin_list>
<pin id="457" dir="0" index="0" bw="1" slack="0"/>
<pin id="458" dir="0" index="1" bw="32" slack="0"/>
<pin id="459" dir="0" index="2" bw="15" slack="0"/>
<pin id="460" dir="1" index="3" bw="32" slack="2147483647"/>
</pin_list>
<bind>
<opcode="select(49) " fcode="select"/>
<opset="select_ln65/8 "/>
</bind>
</comp>

<comp id="464" class="1004" name="store_ln40_store_fu_464">
<pin_list>
<pin id="465" dir="0" index="0" bw="32" slack="0"/>
<pin id="466" dir="0" index="1" bw="32" slack="0"/>
<pin id="467" dir="1" index="2" bw="0" slack="2147483647"/>
</pin_list>
<bind>
<opcode="store(28) " fcode="store"/>
<opset="store_ln40/8 "/>
</bind>
</comp>

<comp id="470" class="1005" name="IN_real_V_addr_reg_470">
<pin_list>
<pin id="471" dir="0" index="0" bw="17" slack="1"/>
<pin id="472" dir="1" index="1" bw="17" slack="1"/>
</pin_list>
<bind>
<opset="IN_real_V_addr "/>
</bind>
</comp>

<comp id="475" class="1005" name="IN_imag_V_addr_reg_475">
<pin_list>
<pin id="476" dir="0" index="0" bw="17" slack="1"/>
<pin id="477" dir="1" index="1" bw="17" slack="1"/>
</pin_list>
<bind>
<opset="IN_imag_V_addr "/>
</bind>
</comp>

<comp id="480" class="1005" name="run_reg_480">
<pin_list>
<pin id="481" dir="0" index="0" bw="1" slack="1"/>
<pin id="482" dir="1" index="1" bw="1" slack="2147483647"/>
</pin_list>
<bind>
<opset="run "/>
</bind>
</comp>

<comp id="484" class="1005" name="IN_real_V_load_reg_484">
<pin_list>
<pin id="485" dir="0" index="0" bw="23" slack="3"/>
<pin id="486" dir="1" index="1" bw="23" slack="3"/>
</pin_list>
<bind>
<opset="IN_real_V_load "/>
</bind>
</comp>

<comp id="489" class="1005" name="IN_imag_V_load_reg_489">
<pin_list>
<pin id="490" dir="0" index="0" bw="23" slack="3"/>
<pin id="491" dir="1" index="1" bw="23" slack="3"/>
</pin_list>
<bind>
<opset="IN_imag_V_load "/>
</bind>
</comp>

<comp id="497" class="1005" name="i_V_2_reg_497">
<pin_list>
<pin id="498" dir="0" index="0" bw="8" slack="0"/>
<pin id="499" dir="1" index="1" bw="8" slack="0"/>
</pin_list>
<bind>
<opset="i_V_2 "/>
</bind>
</comp>

<comp id="508" class="1005" name="trunc_ln7_reg_508">
<pin_list>
<pin id="509" dir="0" index="0" bw="23" slack="2"/>
<pin id="510" dir="1" index="1" bw="23" slack="2"/>
</pin_list>
<bind>
<opset="trunc_ln7 "/>
</bind>
</comp>

<comp id="513" class="1005" name="sext_ln1115_reg_513">
<pin_list>
<pin id="514" dir="0" index="0" bw="47" slack="2"/>
<pin id="515" dir="1" index="1" bw="47" slack="2"/>
</pin_list>
<bind>
<opset="sext_ln1115 "/>
</bind>
</comp>

<comp id="518" class="1005" name="mag_buff_V_1_load_reg_518">
<pin_list>
<pin id="519" dir="0" index="0" bw="32" slack="2"/>
<pin id="520" dir="1" index="1" bw="32" slack="2"/>
</pin_list>
<bind>
<opset="mag_buff_V_1_load "/>
</bind>
</comp>

<comp id="523" class="1005" name="icmp_ln886_reg_523">
<pin_list>
<pin id="524" dir="0" index="0" bw="1" slack="1"/>
<pin id="525" dir="1" index="1" bw="1" slack="2147483647"/>
</pin_list>
<bind>
<opset="icmp_ln886 "/>
</bind>
</comp>

<comp id="527" class="1005" name="ret_reg_527">
<pin_list>
<pin id="528" dir="0" index="0" bw="7" slack="0"/>
<pin id="529" dir="1" index="1" bw="7" slack="0"/>
</pin_list>
<bind>
<opset="ret "/>
</bind>
</comp>

<comp id="532" class="1005" name="trunc_ln1347_reg_532">
<pin_list>
<pin id="533" dir="0" index="0" bw="6" slack="1"/>
<pin id="534" dir="1" index="1" bw="6" slack="1"/>
</pin_list>
<bind>
<opset="trunc_ln1347 "/>
</bind>
</comp>

<comp id="537" class="1005" name="mag_buff_V_0_addr_1_reg_537">
<pin_list>
<pin id="538" dir="0" index="0" bw="6" slack="1"/>
<pin id="539" dir="1" index="1" bw="6" slack="1"/>
</pin_list>
<bind>
<opset="mag_buff_V_0_addr_1 "/>
</bind>
</comp>

<comp id="542" class="1005" name="mag_buff_V_1_addr_1_reg_542">
<pin_list>
<pin id="543" dir="0" index="0" bw="6" slack="1"/>
<pin id="544" dir="1" index="1" bw="6" slack="1"/>
</pin_list>
<bind>
<opset="mag_buff_V_1_addr_1 "/>
</bind>
</comp>

<comp id="547" class="1005" name="tmp_77_reg_547">
<pin_list>
<pin id="548" dir="0" index="0" bw="1" slack="1"/>
<pin id="549" dir="1" index="1" bw="1" slack="1"/>
</pin_list>
<bind>
<opset="tmp_77 "/>
</bind>
</comp>

<comp id="552" class="1005" name="tmp_78_reg_552">
<pin_list>
<pin id="553" dir="0" index="0" bw="1" slack="1"/>
<pin id="554" dir="1" index="1" bw="1" slack="2147483647"/>
</pin_list>
<bind>
<opset="tmp_78 "/>
</bind>
</comp>

</comp_list>

<net_list>
<net id="102"><net_src comp="14" pin="0"/><net_sink comp="98" pin=0"/></net>

<net id="103"><net_src comp="2" pin="0"/><net_sink comp="98" pin=1"/></net>

<net id="109"><net_src comp="16" pin="0"/><net_sink comp="104" pin=0"/></net>

<net id="110"><net_src comp="6" pin="0"/><net_sink comp="104" pin=1"/></net>

<net id="111"><net_src comp="98" pin="2"/><net_sink comp="104" pin=2"/></net>

<net id="117"><net_src comp="0" pin="0"/><net_sink comp="112" pin=0"/></net>

<net id="118"><net_src comp="18" pin="0"/><net_sink comp="112" pin=1"/></net>

<net id="124"><net_src comp="112" pin="3"/><net_sink comp="119" pin=0"/></net>

<net id="130"><net_src comp="4" pin="0"/><net_sink comp="125" pin=0"/></net>

<net id="131"><net_src comp="18" pin="0"/><net_sink comp="125" pin=1"/></net>

<net id="137"><net_src comp="125" pin="3"/><net_sink comp="132" pin=0"/></net>

<net id="143"><net_src comp="10" pin="0"/><net_sink comp="138" pin=0"/></net>

<net id="144"><net_src comp="18" pin="0"/><net_sink comp="138" pin=1"/></net>

<net id="150"><net_src comp="12" pin="0"/><net_sink comp="145" pin=0"/></net>

<net id="151"><net_src comp="18" pin="0"/><net_sink comp="145" pin=1"/></net>

<net id="157"><net_src comp="28" pin="0"/><net_sink comp="152" pin=1"/></net>

<net id="158"><net_src comp="145" pin="3"/><net_sink comp="152" pin=0"/></net>

<net id="164"><net_src comp="28" pin="0"/><net_sink comp="159" pin=1"/></net>

<net id="165"><net_src comp="138" pin="3"/><net_sink comp="159" pin=0"/></net>

<net id="166"><net_src comp="68" pin="0"/><net_sink comp="152" pin=0"/></net>

<net id="172"><net_src comp="10" pin="0"/><net_sink comp="167" pin=0"/></net>

<net id="173"><net_src comp="18" pin="0"/><net_sink comp="167" pin=1"/></net>

<net id="179"><net_src comp="12" pin="0"/><net_sink comp="174" pin=0"/></net>

<net id="180"><net_src comp="18" pin="0"/><net_sink comp="174" pin=1"/></net>

<net id="185"><net_src comp="167" pin="3"/><net_sink comp="159" pin=2"/></net>

<net id="190"><net_src comp="174" pin="3"/><net_sink comp="152" pin=2"/></net>

<net id="196"><net_src comp="10" pin="0"/><net_sink comp="191" pin=0"/></net>

<net id="197"><net_src comp="18" pin="0"/><net_sink comp="191" pin=1"/></net>

<net id="203"><net_src comp="12" pin="0"/><net_sink comp="198" pin=0"/></net>

<net id="204"><net_src comp="18" pin="0"/><net_sink comp="198" pin=1"/></net>

<net id="205"><net_src comp="191" pin="3"/><net_sink comp="159" pin=0"/></net>

<net id="206"><net_src comp="198" pin="3"/><net_sink comp="152" pin=0"/></net>

<net id="207"><net_src comp="94" pin="0"/><net_sink comp="159" pin=2"/></net>

<net id="211"><net_src comp="40" pin="0"/><net_sink comp="208" pin=0"/></net>

<net id="218"><net_src comp="208" pin="1"/><net_sink comp="212" pin=2"/></net>

<net id="222"><net_src comp="28" pin="0"/><net_sink comp="219" pin=0"/></net>

<net id="229"><net_src comp="219" pin="1"/><net_sink comp="223" pin=2"/></net>

<net id="230"><net_src comp="223" pin="4"/><net_sink comp="219" pin=0"/></net>

<net id="234"><net_src comp="78" pin="0"/><net_sink comp="231" pin=0"/></net>

<net id="241"><net_src comp="231" pin="1"/><net_sink comp="235" pin=0"/></net>

<net id="245"><net_src comp="98" pin="2"/><net_sink comp="242" pin=0"/></net>

<net id="246"><net_src comp="242" pin="1"/><net_sink comp="112" pin=2"/></net>

<net id="247"><net_src comp="242" pin="1"/><net_sink comp="125" pin=2"/></net>

<net id="252"><net_src comp="98" pin="2"/><net_sink comp="248" pin=0"/></net>

<net id="253"><net_src comp="20" pin="0"/><net_sink comp="248" pin=1"/></net>

<net id="257"><net_src comp="8" pin="0"/><net_sink comp="254" pin=0"/></net>

<net id="262"><net_src comp="212" pin="4"/><net_sink comp="258" pin=0"/></net>

<net id="263"><net_src comp="42" pin="0"/><net_sink comp="258" pin=1"/></net>

<net id="268"><net_src comp="212" pin="4"/><net_sink comp="264" pin=0"/></net>

<net id="269"><net_src comp="44" pin="0"/><net_sink comp="264" pin=1"/></net>

<net id="273"><net_src comp="212" pin="4"/><net_sink comp="270" pin=0"/></net>

<net id="277"><net_src comp="270" pin="1"/><net_sink comp="274" pin=0"/></net>

<net id="278"><net_src comp="274" pin="1"/><net_sink comp="138" pin=2"/></net>

<net id="279"><net_src comp="274" pin="1"/><net_sink comp="145" pin=2"/></net>

<net id="286"><net_src comp="60" pin="0"/><net_sink comp="280" pin=0"/></net>

<net id="287"><net_src comp="212" pin="4"/><net_sink comp="280" pin=1"/></net>

<net id="288"><net_src comp="62" pin="0"/><net_sink comp="280" pin=2"/></net>

<net id="289"><net_src comp="64" pin="0"/><net_sink comp="280" pin=3"/></net>

<net id="294"><net_src comp="280" pin="4"/><net_sink comp="290" pin=0"/></net>

<net id="295"><net_src comp="66" pin="0"/><net_sink comp="290" pin=1"/></net>

<net id="303"><net_src comp="296" pin="1"/><net_sink comp="299" pin=0"/></net>

<net id="304"><net_src comp="70" pin="0"/><net_sink comp="299" pin=1"/></net>

<net id="311"><net_src comp="72" pin="0"/><net_sink comp="305" pin=0"/></net>

<net id="312"><net_src comp="299" pin="2"/><net_sink comp="305" pin=1"/></net>

<net id="313"><net_src comp="74" pin="0"/><net_sink comp="305" pin=2"/></net>

<net id="314"><net_src comp="76" pin="0"/><net_sink comp="305" pin=3"/></net>

<net id="322"><net_src comp="315" pin="1"/><net_sink comp="318" pin=0"/></net>

<net id="323"><net_src comp="70" pin="0"/><net_sink comp="318" pin=1"/></net>

<net id="330"><net_src comp="72" pin="0"/><net_sink comp="324" pin=0"/></net>

<net id="331"><net_src comp="318" pin="2"/><net_sink comp="324" pin=1"/></net>

<net id="332"><net_src comp="74" pin="0"/><net_sink comp="324" pin=2"/></net>

<net id="333"><net_src comp="76" pin="0"/><net_sink comp="324" pin=3"/></net>

<net id="337"><net_src comp="324" pin="4"/><net_sink comp="334" pin=0"/></net>

<net id="342"><net_src comp="334" pin="1"/><net_sink comp="338" pin=0"/></net>

<net id="343"><net_src comp="334" pin="1"/><net_sink comp="338" pin=1"/></net>

<net id="347"><net_src comp="338" pin="2"/><net_sink comp="344" pin=0"/></net>

<net id="352"><net_src comp="235" pin="4"/><net_sink comp="348" pin=0"/></net>

<net id="353"><net_src comp="80" pin="0"/><net_sink comp="348" pin=1"/></net>

<net id="358"><net_src comp="235" pin="4"/><net_sink comp="354" pin=0"/></net>

<net id="359"><net_src comp="78" pin="0"/><net_sink comp="354" pin=1"/></net>

<net id="363"><net_src comp="235" pin="4"/><net_sink comp="360" pin=0"/></net>

<net id="368"><net_src comp="360" pin="1"/><net_sink comp="364" pin=0"/></net>

<net id="369"><net_src comp="84" pin="0"/><net_sink comp="364" pin=1"/></net>

<net id="373"><net_src comp="364" pin="2"/><net_sink comp="370" pin=0"/></net>

<net id="374"><net_src comp="370" pin="1"/><net_sink comp="167" pin=2"/></net>

<net id="375"><net_src comp="370" pin="1"/><net_sink comp="174" pin=2"/></net>

<net id="381"><net_src comp="86" pin="0"/><net_sink comp="376" pin=0"/></net>

<net id="382"><net_src comp="354" pin="2"/><net_sink comp="376" pin=1"/></net>

<net id="383"><net_src comp="62" pin="0"/><net_sink comp="376" pin=2"/></net>

<net id="389"><net_src comp="86" pin="0"/><net_sink comp="384" pin=0"/></net>

<net id="390"><net_src comp="235" pin="4"/><net_sink comp="384" pin=1"/></net>

<net id="391"><net_src comp="62" pin="0"/><net_sink comp="384" pin=2"/></net>

<net id="397"><net_src comp="152" pin="7"/><net_sink comp="392" pin=1"/></net>

<net id="398"><net_src comp="159" pin="7"/><net_sink comp="392" pin=2"/></net>

<net id="399"><net_src comp="392" pin="3"/><net_sink comp="159" pin=1"/></net>

<net id="400"><net_src comp="392" pin="3"/><net_sink comp="152" pin=1"/></net>

<net id="404"><net_src comp="401" pin="1"/><net_sink comp="191" pin=2"/></net>

<net id="405"><net_src comp="401" pin="1"/><net_sink comp="198" pin=2"/></net>

<net id="413"><net_src comp="406" pin="1"/><net_sink comp="409" pin=0"/></net>

<net id="414"><net_src comp="406" pin="1"/><net_sink comp="409" pin=1"/></net>

<net id="418"><net_src comp="409" pin="2"/><net_sink comp="415" pin=0"/></net>

<net id="423"><net_src comp="415" pin="1"/><net_sink comp="419" pin=1"/></net>

<net id="430"><net_src comp="90" pin="0"/><net_sink comp="424" pin=0"/></net>

<net id="431"><net_src comp="419" pin="2"/><net_sink comp="424" pin=1"/></net>

<net id="432"><net_src comp="74" pin="0"/><net_sink comp="424" pin=2"/></net>

<net id="433"><net_src comp="92" pin="0"/><net_sink comp="424" pin=3"/></net>

<net id="437"><net_src comp="424" pin="4"/><net_sink comp="434" pin=0"/></net>

<net id="438"><net_src comp="434" pin="1"/><net_sink comp="159" pin=4"/></net>

<net id="443"><net_src comp="434" pin="1"/><net_sink comp="439" pin=0"/></net>

<net id="448"><net_src comp="219" pin="1"/><net_sink comp="444" pin=0"/></net>

<net id="449"><net_src comp="439" pin="2"/><net_sink comp="444" pin=1"/></net>

<net id="454"><net_src comp="444" pin="2"/><net_sink comp="450" pin=0"/></net>

<net id="455"><net_src comp="96" pin="0"/><net_sink comp="450" pin=1"/></net>

<net id="461"><net_src comp="450" pin="2"/><net_sink comp="456" pin=0"/></net>

<net id="462"><net_src comp="444" pin="2"/><net_sink comp="456" pin=1"/></net>

<net id="463"><net_src comp="96" pin="0"/><net_sink comp="456" pin=2"/></net>

<net id="468"><net_src comp="444" pin="2"/><net_sink comp="464" pin=0"/></net>

<net id="469"><net_src comp="8" pin="0"/><net_sink comp="464" pin=1"/></net>

<net id="473"><net_src comp="112" pin="3"/><net_sink comp="470" pin=0"/></net>

<net id="474"><net_src comp="470" pin="1"/><net_sink comp="119" pin=0"/></net>

<net id="478"><net_src comp="125" pin="3"/><net_sink comp="475" pin=0"/></net>

<net id="479"><net_src comp="475" pin="1"/><net_sink comp="132" pin=0"/></net>

<net id="483"><net_src comp="248" pin="2"/><net_sink comp="480" pin=0"/></net>

<net id="487"><net_src comp="119" pin="3"/><net_sink comp="484" pin=0"/></net>

<net id="488"><net_src comp="484" pin="1"/><net_sink comp="296" pin=0"/></net>

<net id="492"><net_src comp="132" pin="3"/><net_sink comp="489" pin=0"/></net>

<net id="493"><net_src comp="489" pin="1"/><net_sink comp="315" pin=0"/></net>

<net id="500"><net_src comp="258" pin="2"/><net_sink comp="497" pin=0"/></net>

<net id="501"><net_src comp="497" pin="1"/><net_sink comp="212" pin=0"/></net>

<net id="511"><net_src comp="305" pin="4"/><net_sink comp="508" pin=0"/></net>

<net id="512"><net_src comp="508" pin="1"/><net_sink comp="406" pin=0"/></net>

<net id="516"><net_src comp="344" pin="1"/><net_sink comp="513" pin=0"/></net>

<net id="517"><net_src comp="513" pin="1"/><net_sink comp="419" pin=0"/></net>

<net id="521"><net_src comp="152" pin="3"/><net_sink comp="518" pin=0"/></net>

<net id="522"><net_src comp="518" pin="1"/><net_sink comp="439" pin=1"/></net>

<net id="526"><net_src comp="348" pin="2"/><net_sink comp="523" pin=0"/></net>

<net id="530"><net_src comp="354" pin="2"/><net_sink comp="527" pin=0"/></net>

<net id="531"><net_src comp="527" pin="1"/><net_sink comp="235" pin=2"/></net>

<net id="535"><net_src comp="360" pin="1"/><net_sink comp="532" pin=0"/></net>

<net id="536"><net_src comp="532" pin="1"/><net_sink comp="401" pin=0"/></net>

<net id="540"><net_src comp="167" pin="3"/><net_sink comp="537" pin=0"/></net>

<net id="541"><net_src comp="537" pin="1"/><net_sink comp="159" pin=2"/></net>

<net id="545"><net_src comp="174" pin="3"/><net_sink comp="542" pin=0"/></net>

<net id="546"><net_src comp="542" pin="1"/><net_sink comp="152" pin=2"/></net>

<net id="550"><net_src comp="376" pin="3"/><net_sink comp="547" pin=0"/></net>

<net id="551"><net_src comp="547" pin="1"/><net_sink comp="392" pin=0"/></net>

<net id="555"><net_src comp="384" pin="3"/><net_sink comp="552" pin=0"/></net>

</net_list>

</model> 
---------------- Datapath Model END ------------------

* FSMD analyzer results:
  - Output states:
	Port: trunc_ln264_out | {1 }
	Port: sum_mag_V | {8 }
	Port: mag_buff_V_0 | {3 7 8 }
	Port: mag_buff_V_1 | {3 7 }
 - Input state : 
	Port: compute_threshold : IN_real_V | {1 2 }
	Port: compute_threshold : trunc_ln264 | {1 }
	Port: compute_threshold : IN_imag_V | {1 2 }
	Port: compute_threshold : sum_mag_V | {2 }
	Port: compute_threshold : mag_buff_V_0 | {6 7 }
	Port: compute_threshold : mag_buff_V_1 | {4 5 6 7 }
  - Chain level:
	State 1
		IN_real_V_addr : 1
		IN_real_V_load : 2
		IN_imag_V_addr : 1
		IN_imag_V_load : 2
	State 2
	State 3
		i_V_2 : 1
		icmp_ln878 : 1
		br_ln41 : 2
		trunc_ln44 : 1
		zext_ln44 : 2
		mag_buff_V_0_addr : 3
		mag_buff_V_1_addr : 3
		tmp : 1
		icmp_ln44 : 2
		br_ln44 : 3
		store_ln44 : 4
		store_ln44 : 4
	State 4
	State 5
		r_V : 1
		trunc_ln7 : 2
		r_V_9 : 1
		trunc_ln708_s : 2
		sext_ln1118_2 : 3
		r_V_10 : 4
		sext_ln1115 : 5
	State 6
		icmp_ln886 : 1
		br_ln55 : 2
		ret : 1
		trunc_ln1347 : 1
		add_ln58 : 2
		zext_ln58 : 3
		mag_buff_V_0_addr_1 : 4
		mag_buff_V_1_addr_1 : 4
		tmp_77 : 2
		mag_buff_V_0_load : 5
		mag_buff_V_1_load_1 : 5
		tmp_78 : 1
		br_ln58 : 2
	State 7
		select_ln58 : 1
		mag_buff_V_0_addr_2 : 1
		mag_buff_V_1_addr_2 : 1
		store_ln58 : 2
		store_ln58 : 2
	State 8
		mul_ln1118 : 1
		sext_ln1192 : 2
		add_ln1192 : 3
		trunc_ln708_1 : 4
		sext_ln708 : 5
		sub_ln703 : 6
		store_ln60 : 6
		add_ln703 : 7
		icmp_ln1495 : 8
		select_ln65 : 9
		store_ln40 : 8
		ret_ln259 : 10


============================================================
+ Verbose Summary: Datapath Resource usage 
============================================================

* Functional unit list:
|----------|-----------------------------|---------|---------|---------|
| Operation|       Functional Unit       |   DSP   |    FF   |   LUT   |
|----------|-----------------------------|---------|---------|---------|
|          |          r_V_fu_299         |    2    |    0    |    31   |
|    mul   |         r_V_9_fu_318        |    2    |    0    |    31   |
|          |        r_V_10_fu_338        |    2    |    0    |    31   |
|          |      mul_ln1118_fu_409      |    2    |    0    |    31   |
|----------|-----------------------------|---------|---------|---------|
|          |         i_V_2_fu_258        |    0    |    0    |    15   |
|          |          ret_fu_354         |    0    |    0    |    14   |
|    add   |       add_ln58_fu_364       |    0    |    0    |    13   |
|          |      add_ln1192_fu_419      |    0    |    0    |    53   |
|          |       add_ln703_fu_444      |    0    |    0    |    32   |
|----------|-----------------------------|---------|---------|---------|
|  select  |      select_ln58_fu_392     |    0    |    0    |    32   |
|          |      select_ln65_fu_456     |    0    |    0    |    32   |
|----------|-----------------------------|---------|---------|---------|
|          |          run_fu_248         |    0    |    0    |    13   |
|          |      icmp_ln878_fu_264      |    0    |    0    |    11   |
|   icmp   |       icmp_ln44_fu_290      |    0    |    0    |    8    |
|          |      icmp_ln886_fu_348      |    0    |    0    |    10   |
|          |      icmp_ln1495_fu_450     |    0    |    0    |    20   |
|----------|-----------------------------|---------|---------|---------|
|    sub   |       sub_ln703_fu_439      |    0    |    0    |    32   |
|----------|-----------------------------|---------|---------|---------|
|   read   | trunc_ln264_read_read_fu_98 |    0    |    0    |    0    |
|----------|-----------------------------|---------|---------|---------|
|   write  |   write_ln259_write_fu_104  |    0    |    0    |    0    |
|----------|-----------------------------|---------|---------|---------|
|          |      zext_ln256_fu_242      |    0    |    0    |    0    |
|   zext   |       zext_ln44_fu_274      |    0    |    0    |    0    |
|          |       zext_ln58_fu_370      |    0    |    0    |    0    |
|          |      zext_ln58_1_fu_401     |    0    |    0    |    0    |
|----------|-----------------------------|---------|---------|---------|
|   trunc  |      trunc_ln44_fu_270      |    0    |    0    |    0    |
|          |     trunc_ln1347_fu_360     |    0    |    0    |    0    |
|----------|-----------------------------|---------|---------|---------|
|          |          tmp_fu_280         |    0    |    0    |    0    |
|partselect|       trunc_ln7_fu_305      |    0    |    0    |    0    |
|          |     trunc_ln708_s_fu_324    |    0    |    0    |    0    |
|          |     trunc_ln708_1_fu_424    |    0    |    0    |    0    |
|----------|-----------------------------|---------|---------|---------|
|          |      sext_ln1118_fu_296     |    0    |    0    |    0    |
|          |     sext_ln1118_1_fu_315    |    0    |    0    |    0    |
|          |     sext_ln1118_2_fu_334    |    0    |    0    |    0    |
|   sext   |      sext_ln1115_fu_344     |    0    |    0    |    0    |
|          |     sext_ln1118_3_fu_406    |    0    |    0    |    0    |
|          |      sext_ln1192_fu_415     |    0    |    0    |    0    |
|          |      sext_ln708_fu_434      |    0    |    0    |    0    |
|----------|-----------------------------|---------|---------|---------|
| bitselect|        tmp_77_fu_376        |    0    |    0    |    0    |
|          |        tmp_78_fu_384        |    0    |    0    |    0    |
|----------|-----------------------------|---------|---------|---------|
|   Total  |                             |    8    |    0    |   409   |
|----------|-----------------------------|---------|---------|---------|

Memories:
N/A

* Register list:
+---------------------------+--------+
|                           |   FF   |
+---------------------------+--------+
|   IN_imag_V_addr_reg_475  |   17   |
|   IN_imag_V_load_reg_489  |   23   |
|   IN_real_V_addr_reg_470  |   17   |
|   IN_real_V_load_reg_484  |   23   |
|       i_V_2_reg_497       |    8   |
|       i_V_5_reg_231       |    7   |
|        i_V_reg_208        |    8   |
|     icmp_ln886_reg_523    |    1   |
|mag_buff_V_0_addr_1_reg_537|    6   |
|mag_buff_V_1_addr_1_reg_542|    6   |
| mag_buff_V_1_load_reg_518 |   32   |
|        ret_reg_527        |    7   |
|        run_reg_480        |    1   |
|    sext_ln1115_reg_513    |   47   |
|sum_mag_V_loc_0_i_i_reg_219|   32   |
|       tmp_77_reg_547      |    1   |
|       tmp_78_reg_552      |    1   |
|    trunc_ln1347_reg_532   |    6   |
|     trunc_ln7_reg_508     |   23   |
+---------------------------+--------+
|           Total           |   266  |
+---------------------------+--------+

* Multiplexer (MUX) list: 
|-----------------------------|------|------|------|--------||---------||---------|
|             Comp            |  Pin | Size |  BW  | S x BW ||  Delay  ||   LUT   |
|-----------------------------|------|------|------|--------||---------||---------|
|      grp_access_fu_119      |  p0  |   2  |  17  |   34   ||    9    |
|      grp_access_fu_132      |  p0  |   2  |  17  |   34   ||    9    |
|      grp_access_fu_152      |  p0  |   3  |   6  |   18   ||    14   |
|      grp_access_fu_152      |  p1  |   2  |  32  |   64   ||    9    |
|      grp_access_fu_152      |  p2  |   2  |   0  |    0   ||    9    |
|      grp_access_fu_159      |  p0  |   2  |   6  |   12   ||    9    |
|      grp_access_fu_159      |  p1  |   2  |  32  |   64   ||    9    |
|      grp_access_fu_159      |  p2  |   3  |   0  |    0   ||    14   |
| sum_mag_V_loc_0_i_i_reg_219 |  p0  |   2  |  32  |   64   ||    9    |
|-----------------------------|------|------|------|--------||---------||---------|
|            Total            |      |      |      |   290  ||  3.941  ||    91   |
|-----------------------------|------|------|------|--------||---------||---------|



* Summary:
+-----------+--------+--------+--------+--------+
|           |   DSP  |  Delay |   FF   |   LUT  |
+-----------+--------+--------+--------+--------+
|  Function |    8   |    -   |    0   |   409  |
|   Memory  |    -   |    -   |    -   |    -   |
|Multiplexer|    -   |    3   |    -   |   91   |
|  Register |    -   |    -   |   266  |    -   |
+-----------+--------+--------+--------+--------+
|   Total   |    8   |    3   |   266  |   500  |
+-----------+--------+--------+--------+--------+
